[0.000000] (-) TimerEvent: {}
[0.000291] (-) JobUnselected: {'identifier': 'ros_gz'}
[0.000357] (-) JobUnselected: {'identifier': 'ros_gz_bridge'}
[0.000450] (-) JobUnselected: {'identifier': 'ros_gz_image'}
[0.000479] (-) JobUnselected: {'identifier': 'ros_gz_interfaces'}
[0.000523] (-) JobUnselected: {'identifier': 'ros_gz_sim'}
[0.000544] (-) JobUnselected: {'identifier': 'ros_gz_sim_demos'}
[0.000622] (-) JobUnselected: {'identifier': 'ros_ign'}
[0.000633] (-) JobUnselected: {'identifier': 'ros_ign_bridge'}
[0.000649] (-) JobUnselected: {'identifier': 'ros_ign_gazebo'}
[0.000665] (-) JobUnselected: {'identifier': 'ros_ign_gazebo_demos'}
[0.000677] (-) JobUnselected: {'identifier': 'ros_ign_image'}
[0.000738] (-) JobUnselected: {'identifier': 'ros_ign_interfaces'}
[0.000750] (-) JobUnselected: {'identifier': 'stm32_drone_control'}
[0.000761] (-) JobUnselected: {'identifier': 'test_ros_gz_bridge'}
[0.000775] (eternalmorph_description) JobQueued: {'identifier': 'eternalmorph_description', 'dependencies': OrderedDict()}
[0.000791] (eternalmorph_description) JobStarted: {'identifier': 'eternalmorph_description'}
[0.005766] (eternalmorph_description) JobProgress: {'identifier': 'eternalmorph_description', 'progress': 'cmake'}
[0.006089] (eternalmorph_description) JobProgress: {'identifier': 'eternalmorph_description', 'progress': 'build'}
[0.006493] (eternalmorph_description) Command: {'cmd': ['/usr/bin/cmake', '--build', '/home/emirhan/eternalmorph/src/morphobot-ros2/build/eternalmorph_description', '--', '-j16', '-l16'], 'cwd': '/home/emirhan/eternalmorph/src/morphobot-ros2/build/eternalmorph_description', 'env': OrderedDict([('GJS_DEBUG_TOPICS', 'JS ERROR;JS LOG'), ('LESSOPEN', '| /usr/bin/lesspipe %s'), ('VSCODE_CWD', '/home/emirhan'), ('USER', 'emirhan'), ('LC_TIME', 'tr_TR.UTF-8'), ('VSCODE_NLS_CONFIG', '{"userLocale":"en-us","osLocale":"en-us","resolvedLanguage":"en","defaultMessagesFile":"/usr/share/antigravity/resources/app/out/nls.messages.json","locale":"en-us","availableLanguages":{}}'), ('XDG_SESSION_TYPE', 'x11'), ('SHLVL', '0'), ('LD_LIBRARY_PATH', '/opt/ros/humble/opt/rviz_ogre_vendor/lib:/opt/ros/humble/lib/x86_64-linux-gnu:/opt/ros/humble/lib'), ('HOME', '/home/emirhan'), ('CHROME_DESKTOP', 'antigravity.desktop'), ('DESKTOP_SESSION', 'ubuntu-xorg'), ('VSCODE_IPC_HOOK', '/run/user/1000/vscode-d11a01c1-1.10-main.sock'), ('GIO_LAUNCHED_DESKTOP_FILE', '/usr/share/applications/antigravity.desktop'), ('ROS_PYTHON_VERSION', '3'), ('GNOME_SHELL_SESSION_MODE', 'ubuntu'), ('GTK_MODULES', 'gail:atk-bridge'), ('PAGER', 'cat'), ('LC_MONETARY', 'tr_TR.UTF-8'), ('MANAGERPID', '1747'), ('SYSTEMD_EXEC_PID', '2059'), ('DBUS_SESSION_BUS_ADDRESS', 'unix:path=/run/user/1000/bus'), ('ANTIGRAVITY_AGENT', '1'), ('GIO_LAUNCHED_DESKTOP_FILE_PID', '40963'), ('_colcon_cd_root', '/opt/ros/humble/'), ('ROS_DISTRO', 'humble'), ('GTK_IM_MODULE', 'ibus'), ('LOGNAME', 'emirhan'), ('_', '/usr/bin/colcon'), ('JOURNAL_STREAM', '8:13075'), ('ROS_VERSION', '2'), ('XDG_SESSION_CLASS', 'user'), ('USERNAME', 'emirhan'), ('TERM', 'dumb'), ('GNOME_DESKTOP_SESSION_ID', 'this-is-deprecated'), ('FC_FONTATIONS', '1'), ('ROS_LOCALHOST_ONLY', '0'), ('WINDOWPATH', '2'), ('ANTIGRAVITY_EDITOR_APP_ROOT', '/usr/share/antigravity/resources/app'), ('PATH', '/home/emirhan/.local/bin:/opt/ros/humble/bin:/home/emirhan/.local/bin:/usr/local/sbin:/usr/local/bin:/usr/sbin:/usr/bin:/sbin:/bin:/usr/games:/usr/local/games:/snap/bin:/snap/bin'), ('SESSION_MANAGER', 'local/emirlinux:@/tmp/.ICE-unix/2032,unix/emirlinux:/tmp/.ICE-unix/2032'), ('INVOCATION_ID', '2b754a64b1764e0ea3f5905332810c12'), ('XDG_MENU_PREFIX', 'gnome-'), ('LC_ADDRESS', 'tr_TR.UTF-8'), ('XDG_RUNTIME_DIR', '/run/user/1000'), ('GDK_BACKEND', 'x11'), ('DISPLAY', ':0'), ('LANG', 'en_US.UTF-8'), ('XDG_CURRENT_DESKTOP', 'ubuntu:GNOME'), ('LC_TELEPHONE', 'tr_TR.UTF-8'), ('XMODIFIERS', '@im=ibus'), ('XDG_SESSION_DESKTOP', 'ubuntu-xorg'), ('XAUTHORITY', '/run/user/1000/gdm/Xauthority'), ('LS_COLORS', ''), ('SSH_AGENT_LAUNCHER', 'gnome-keyring'), ('SSH_AUTH_SOCK', '/run/user/1000/keyring/ssh'), ('AMENT_PREFIX_PATH', '/opt/ros/humble'), ('SHELL', '/bin/bash'), ('LC_NAME', 'tr_TR.UTF-8'), ('QT_ACCESSIBILITY', '1'), ('GDMSESSION', 'ubuntu-xorg'), ('LESSCLOSE', '/usr/bin/lesspipe %s %s'), ('LC_MEASUREMENT', 'tr_TR.UTF-8'), ('GPG_AGENT_INFO', '/run/user/1000/gnupg/S.gpg-agent:0:1'), ('GJS_DEBUG_OUTPUT', 'stderr'), ('LC_IDENTIFICATION', 'tr_TR.UTF-8'), ('GZ_VERSION', 'harmonic'), ('QT_IM_MODULE', 'ibus'), ('ANTIGRAVITY_TRAJECTORY_ID', '0f0e748d-0f47-486c-b7f9-3af558570db5'), ('PWD', '/home/emirhan/eternalmorph/src/morphobot-ros2/build/eternalmorph_description'), ('LC_ALL', 'en_US.UTF-8'), ('XDG_CONFIG_DIRS', '/etc/xdg/xdg-ubuntu-xorg:/etc/xdg'), ('VSCODE_CODE_CACHE_PATH', '/home/emirhan/.config/Antigravity/CachedData/15487b3041e65228cae24980a3f796c905ef582c'), ('XDG_DATA_DIRS', '/usr/share/ubuntu-xorg:/usr/share/gnome:/usr/local/share/:/usr/share/:/var/lib/snapd/desktop'), ('PYTHONPATH', '/opt/ros/humble/lib/python3.10/site-packages:/opt/ros/humble/local/lib/python3.10/dist-packages'), ('LC_NUMERIC', 'tr_TR.UTF-8'), ('LC_PAPER', 'tr_TR.UTF-8'), ('COLCON', '1'), ('VSCODE_PID', '40963'), ('CMAKE_PREFIX_PATH', '/opt/ros/humble')]), 'shell': False}
[0.031862] (eternalmorph_description) CommandEnded: {'returncode': 0}
[0.032326] (eternalmorph_description) JobProgress: {'identifier': 'eternalmorph_description', 'progress': 'install'}
[0.037868] (eternalmorph_description) Command: {'cmd': ['/usr/bin/cmake', '--install', '/home/emirhan/eternalmorph/src/morphobot-ros2/build/eternalmorph_description'], 'cwd': '/home/emirhan/eternalmorph/src/morphobot-ros2/build/eternalmorph_description', 'env': OrderedDict([('GJS_DEBUG_TOPICS', 'JS ERROR;JS LOG'), ('LESSOPEN', '| /usr/bin/lesspipe %s'), ('VSCODE_CWD', '/home/emirhan'), ('USER', 'emirhan'), ('LC_TIME', 'tr_TR.UTF-8'), ('VSCODE_NLS_CONFIG', '{"userLocale":"en-us","osLocale":"en-us","resolvedLanguage":"en","defaultMessagesFile":"/usr/share/antigravity/resources/app/out/nls.messages.json","locale":"en-us","availableLanguages":{}}'), ('XDG_SESSION_TYPE', 'x11'), ('SHLVL', '0'), ('LD_LIBRARY_PATH', '/opt/ros/humble/opt/rviz_ogre_vendor/lib:/opt/ros/humble/lib/x86_64-linux-gnu:/opt/ros/humble/lib'), ('HOME', '/home/emirhan'), ('CHROME_DESKTOP', 'antigravity.desktop'), ('DESKTOP_SESSION', 'ubuntu-xorg'), ('VSCODE_IPC_HOOK', '/run/user/1000/vscode-d11a01c1-1.10-main.sock'), ('GIO_LAUNCHED_DESKTOP_FILE', '/usr/share/applications/antigravity.desktop'), ('ROS_PYTHON_VERSION', '3'), ('GNOME_SHELL_SESSION_MODE', 'ubuntu'), ('GTK_MODULES', 'gail:atk-bridge'), ('PAGER', 'cat'), ('LC_MONETARY', 'tr_TR.UTF-8'), ('MANAGERPID', '1747'), ('SYSTEMD_EXEC_PID', '2059'), ('DBUS_SESSION_BUS_ADDRESS', 'unix:path=/run/user/1000/bus'), ('ANTIGRAVITY_AGENT', '1'), ('GIO_LAUNCHED_DESKTOP_FILE_PID', '40963'), ('_colcon_cd_root', '/opt/ros/humble/'), ('ROS_DISTRO', 'humble'), ('GTK_IM_MODULE', 'ibus'), ('LOGNAME', 'emirhan'), ('_', '/usr/bin/colcon'), ('JOURNAL_STREAM', '8:13075'), ('ROS_VERSION', '2'), ('XDG_SESSION_CLASS', 'user'), ('USERNAME', 'emirhan'), ('TERM', 'dumb'), ('GNOME_DESKTOP_SESSION_ID', 'this-is-deprecated'), ('FC_FONTATIONS', '1'), ('ROS_LOCALHOST_ONLY', '0'), ('WINDOWPATH', '2'), ('ANTIGRAVITY_EDITOR_APP_ROOT', '/usr/share/antigravity/resources/app'), ('PATH', '/home/emirhan/.local/bin:/opt/ros/humble/bin:/home/emirhan/.local/bin:/usr/local/sbin:/usr/local/bin:/usr/sbin:/usr/bin:/sbin:/bin:/usr/games:/usr/local/games:/snap/bin:/snap/bin'), ('SESSION_MANAGER', 'local/emirlinux:@/tmp/.ICE-unix/2032,unix/emirlinux:/tmp/.ICE-unix/2032'), ('INVOCATION_ID', '2b754a64b1764e0ea3f5905332810c12'), ('XDG_MENU_PREFIX', 'gnome-'), ('LC_ADDRESS', 'tr_TR.UTF-8'), ('XDG_RUNTIME_DIR', '/run/user/1000'), ('GDK_BACKEND', 'x11'), ('DISPLAY', ':0'), ('LANG', 'en_US.UTF-8'), ('XDG_CURRENT_DESKTOP', 'ubuntu:GNOME'), ('LC_TELEPHONE', 'tr_TR.UTF-8'), ('XMODIFIERS', '@im=ibus'), ('XDG_SESSION_DESKTOP', 'ubuntu-xorg'), ('XAUTHORITY', '/run/user/1000/gdm/Xauthority'), ('LS_COLORS', ''), ('SSH_AGENT_LAUNCHER', 'gnome-keyring'), ('SSH_AUTH_SOCK', '/run/user/1000/keyring/ssh'), ('AMENT_PREFIX_PATH', '/opt/ros/humble'), ('SHELL', '/bin/bash'), ('LC_NAME', 'tr_TR.UTF-8'), ('QT_ACCESSIBILITY', '1'), ('GDMSESSION', 'ubuntu-xorg'), ('LESSCLOSE', '/usr/bin/lesspipe %s %s'), ('LC_MEASUREMENT', 'tr_TR.UTF-8'), ('GPG_AGENT_INFO', '/run/user/1000/gnupg/S.gpg-agent:0:1'), ('GJS_DEBUG_OUTPUT', 'stderr'), ('LC_IDENTIFICATION', 'tr_TR.UTF-8'), ('GZ_VERSION', 'harmonic'), ('QT_IM_MODULE', 'ibus'), ('ANTIGRAVITY_TRAJECTORY_ID', '0f0e748d-0f47-486c-b7f9-3af558570db5'), ('PWD', '/home/emirhan/eternalmorph/src/morphobot-ros2/build/eternalmorph_description'), ('LC_ALL', 'en_US.UTF-8'), ('XDG_CONFIG_DIRS', '/etc/xdg/xdg-ubuntu-xorg:/etc/xdg'), ('VSCODE_CODE_CACHE_PATH', '/home/emirhan/.config/Antigravity/CachedData/15487b3041e65228cae24980a3f796c905ef582c'), ('XDG_DATA_DIRS', '/usr/share/ubuntu-xorg:/usr/share/gnome:/usr/local/share/:/usr/share/:/var/lib/snapd/desktop'), ('PYTHONPATH', '/opt/ros/humble/lib/python3.10/site-packages:/opt/ros/humble/local/lib/python3.10/dist-packages'), ('LC_NUMERIC', 'tr_TR.UTF-8'), ('LC_PAPER', 'tr_TR.UTF-8'), ('COLCON', '1'), ('VSCODE_PID', '40963'), ('CMAKE_PREFIX_PATH', '/opt/ros/humble')]), 'shell': False}
[0.043182] (eternalmorph_description) StdoutLine: {'line': b'-- Install configuration: ""\n'}
[0.043281] (eternalmorph_description) StdoutLine: {'line': b'-- Up-to-date: /home/emirhan/eternalmorph/src/morphobot-ros2/install/eternalmorph_description/share/eternalmorph_description/launch\n'}
[0.043347] (eternalmorph_description) StdoutLine: {'line': b'-- Installing: /home/emirhan/eternalmorph/src/morphobot-ros2/install/eternalmorph_description/share/eternalmorph_description/launch/mode.py\n'}
[0.043389] (eternalmorph_description) StdoutLine: {'line': b'-- Up-to-date: /home/emirhan/eternalmorph/src/morphobot-ros2/install/eternalmorph_description/share/eternalmorph_description/launch/gazebo.launch.py\n'}
[0.043431] (eternalmorph_description) StdoutLine: {'line': b'-- Up-to-date: /home/emirhan/eternalmorph/src/morphobot-ros2/install/eternalmorph_description/share/eternalmorph_description/launch/controller.launch\n'}
[0.043497] (eternalmorph_description) StdoutLine: {'line': b'-- Up-to-date: /home/emirhan/eternalmorph/src/morphobot-ros2/install/eternalmorph_description/share/eternalmorph_description/launch/__pycache__\n'}
[0.043592] (eternalmorph_description) StdoutLine: {'line': b'-- Up-to-date: /home/emirhan/eternalmorph/src/morphobot-ros2/install/eternalmorph_description/share/eternalmorph_description/launch/__pycache__/display.launch.cpython-310.pyc\n'}
[0.043634] (eternalmorph_description) StdoutLine: {'line': b'-- Up-to-date: /home/emirhan/eternalmorph/src/morphobot-ros2/install/eternalmorph_description/share/eternalmorph_description/launch/__pycache__/gazebo.launch.cpython-310.pyc\n'}
[0.043675] (eternalmorph_description) StdoutLine: {'line': b'-- Up-to-date: /home/emirhan/eternalmorph/src/morphobot-ros2/install/eternalmorph_description/share/eternalmorph_description/launch/__pycache__/katla.cpython-310.pyc\n'}
[0.043736] (eternalmorph_description) StdoutLine: {'line': b'-- Up-to-date: /home/emirhan/eternalmorph/src/morphobot-ros2/install/eternalmorph_description/share/eternalmorph_description/launch/controller.yaml\n'}
[0.043777] (eternalmorph_description) StdoutLine: {'line': b'-- Up-to-date: /home/emirhan/eternalmorph/src/morphobot-ros2/install/eternalmorph_description/share/eternalmorph_description/launch/urdf.rviz\n'}
[0.043818] (eternalmorph_description) StdoutLine: {'line': b'-- Up-to-date: /home/emirhan/eternalmorph/src/morphobot-ros2/install/eternalmorph_description/share/eternalmorph_description/launch/display.launch.py\n'}
[0.043857] (eternalmorph_description) StdoutLine: {'line': b'-- Up-to-date: /home/emirhan/eternalmorph/src/morphobot-ros2/install/eternalmorph_description/share/eternalmorph_description/launch/katla.py\n'}
[0.043915] (eternalmorph_description) StdoutLine: {'line': b'-- Up-to-date: /home/emirhan/eternalmorph/src/morphobot-ros2/install/eternalmorph_description/lib/eternalmorph_description/katla.py\n'}
[0.043956] (eternalmorph_description) StdoutLine: {'line': b'-- Installing: /home/emirhan/eternalmorph/src/morphobot-ros2/install/eternalmorph_description/lib/eternalmorph_description/mode.py\n'}
[0.044050] (eternalmorph_description) StdoutLine: {'line': b'-- Up-to-date: /home/emirhan/eternalmorph/src/morphobot-ros2/install/eternalmorph_description/lib/eternalmorph_description/katla\n'}
[0.044144] (eternalmorph_description) StdoutLine: {'line': b'-- Installing: /home/emirhan/eternalmorph/src/morphobot-ros2/install/eternalmorph_description/lib/eternalmorph_description/mode\n'}
[0.044224] (eternalmorph_description) StdoutLine: {'line': b'-- Up-to-date: /home/emirhan/eternalmorph/src/morphobot-ros2/install/eternalmorph_description/share/eternalmorph_description/urdf\n'}
[0.044286] (eternalmorph_description) StdoutLine: {'line': b'-- Installing: /home/emirhan/eternalmorph/src/morphobot-ros2/install/eternalmorph_description/share/eternalmorph_description/urdf/eternalmorph.gazebo\n'}
[0.044329] (eternalmorph_description) StdoutLine: {'line': b'-- Up-to-date: /home/emirhan/eternalmorph/src/morphobot-ros2/install/eternalmorph_description/share/eternalmorph_description/urdf/materials.xacro\n'}
[0.044370] (eternalmorph_description) StdoutLine: {'line': b'-- Up-to-date: /home/emirhan/eternalmorph/src/morphobot-ros2/install/eternalmorph_description/share/eternalmorph_description/urdf/eternalmorph.xacro\n'}
[0.044411] (eternalmorph_description) StdoutLine: {'line': b'-- Up-to-date: /home/emirhan/eternalmorph/src/morphobot-ros2/install/eternalmorph_description/share/eternalmorph_description/urdf/eternalmorph.trans\n'}
[0.044451] (eternalmorph_description) StdoutLine: {'line': b'-- Up-to-date: /home/emirhan/eternalmorph/src/morphobot-ros2/install/eternalmorph_description/share/eternalmorph_description/meshes\n'}
[0.044508] (eternalmorph_description) StdoutLine: {'line': b'-- Up-to-date: /home/emirhan/eternalmorph/src/morphobot-ros2/install/eternalmorph_description/share/eternalmorph_description/meshes/bacak_1.stl\n'}
[0.044552] (eternalmorph_description) StdoutLine: {'line': b'-- Up-to-date: /home/emirhan/eternalmorph/src/morphobot-ros2/install/eternalmorph_description/share/eternalmorph_description/meshes/base_link.stl\n'}
[0.044634] (eternalmorph_description) StdoutLine: {'line': b'-- Up-to-date: /home/emirhan/eternalmorph/src/morphobot-ros2/install/eternalmorph_description/share/eternalmorph_description/meshes/sol_arka_teker_1.stl\n'}
[0.044694] (eternalmorph_description) StdoutLine: {'line': b'-- Up-to-date: /home/emirhan/eternalmorph/src/morphobot-ros2/install/eternalmorph_description/share/eternalmorph_description/meshes/sol_arka_tutucu_parca_1.stl\n'}
[0.044748] (eternalmorph_description) StdoutLine: {'line': b'-- Up-to-date: /home/emirhan/eternalmorph/src/morphobot-ros2/install/eternalmorph_description/share/eternalmorph_description/meshes/sol_arka_pervane_1.stl\n'}
[0.044788] (eternalmorph_description) StdoutLine: {'line': b'-- Up-to-date: /home/emirhan/eternalmorph/src/morphobot-ros2/install/eternalmorph_description/share/eternalmorph_description/meshes/sag_arka_ust_motor_1.stl\n'}
[0.044832] (eternalmorph_description) StdoutLine: {'line': b'-- Up-to-date: /home/emirhan/eternalmorph/src/morphobot-ros2/install/eternalmorph_description/share/eternalmorph_description/meshes/sol_on_tekerlek_eksen_1.stl\n'}
[0.044871] (eternalmorph_description) StdoutLine: {'line': b'-- Up-to-date: /home/emirhan/eternalmorph/src/morphobot-ros2/install/eternalmorph_description/share/eternalmorph_description/meshes/sag_on_ust_motor_1.stl\n'}
[0.044910] (eternalmorph_description) StdoutLine: {'line': b'-- Up-to-date: /home/emirhan/eternalmorph/src/morphobot-ros2/install/eternalmorph_description/share/eternalmorph_description/meshes/sag_on_teker_1.stl\n'}
[0.044949] (eternalmorph_description) StdoutLine: {'line': b'-- Up-to-date: /home/emirhan/eternalmorph/src/morphobot-ros2/install/eternalmorph_description/share/eternalmorph_description/meshes/sol_on_ust_motor_1.stl\n'}
[0.044987] (eternalmorph_description) StdoutLine: {'line': b'-- Up-to-date: /home/emirhan/eternalmorph/src/morphobot-ros2/install/eternalmorph_description/share/eternalmorph_description/meshes/sol_on_tutucu_parca_1.stl\n'}
[0.045027] (eternalmorph_description) StdoutLine: {'line': b'-- Up-to-date: /home/emirhan/eternalmorph/src/morphobot-ros2/install/eternalmorph_description/share/eternalmorph_description/meshes/sag_arka_pervane_1.stl\n'}
[0.045065] (eternalmorph_description) StdoutLine: {'line': b'-- Up-to-date: /home/emirhan/eternalmorph/src/morphobot-ros2/install/eternalmorph_description/share/eternalmorph_description/meshes/sol_on_teker_1.stl\n'}
[0.045103] (eternalmorph_description) StdoutLine: {'line': b'-- Up-to-date: /home/emirhan/eternalmorph/src/morphobot-ros2/install/eternalmorph_description/share/eternalmorph_description/meshes/sag_arka_tekerlek_eksen_1.stl\n'}
[0.045141] (eternalmorph_description) StdoutLine: {'line': b'-- Up-to-date: /home/emirhan/eternalmorph/src/morphobot-ros2/install/eternalmorph_description/share/eternalmorph_description/meshes/sol_ayak_1.stl\n'}
[0.045258] (eternalmorph_description) StdoutLine: {'line': b'-- Up-to-date: /home/emirhan/eternalmorph/src/morphobot-ros2/install/eternalmorph_description/share/eternalmorph_description/meshes/sol_on_pervane_1.stl\n'}
[0.045401] (eternalmorph_description) StdoutLine: {'line': b'-- Up-to-date: /home/emirhan/eternalmorph/src/morphobot-ros2/install/eternalmorph_description/share/eternalmorph_description/meshes/sag_arka_tutucu_parca_1.stl\n'}
[0.045877] (eternalmorph_description) StdoutLine: {'line': b'-- Up-to-date: /home/emirhan/eternalmorph/src/morphobot-ros2/install/eternalmorph_description/share/eternalmorph_description/meshes/sag_arka_teker_1.stl\n'}
[0.045974] (eternalmorph_description) StdoutLine: {'line': b'-- Up-to-date: /home/emirhan/eternalmorph/src/morphobot-ros2/install/eternalmorph_description/share/eternalmorph_description/meshes/sag_on_tekerlek_eksen_1.stl\n'}
[0.046053] (eternalmorph_description) StdoutLine: {'line': b'-- Up-to-date: /home/emirhan/eternalmorph/src/morphobot-ros2/install/eternalmorph_description/share/eternalmorph_description/meshes/sol_arka_tekerlek_eksen_1.stl\n'}
[0.046197] (eternalmorph_description) StdoutLine: {'line': b'-- Up-to-date: /home/emirhan/eternalmorph/src/morphobot-ros2/install/eternalmorph_description/share/eternalmorph_description/meshes/sag_on_pervane_1.stl\n'}
[0.046255] (eternalmorph_description) StdoutLine: {'line': b'-- Up-to-date: /home/emirhan/eternalmorph/src/morphobot-ros2/install/eternalmorph_description/share/eternalmorph_description/meshes/sag_on_tutucu_parca_1.stl\n'}
[0.046384] (eternalmorph_description) StdoutLine: {'line': b'-- Up-to-date: /home/emirhan/eternalmorph/src/morphobot-ros2/install/eternalmorph_description/share/eternalmorph_description/meshes/sol_arka_ust_motor_1.stl\n'}
[0.046504] (eternalmorph_description) StdoutLine: {'line': b'-- Up-to-date: /home/emirhan/eternalmorph/src/morphobot-ros2/install/eternalmorph_description/share/eternalmorph_description/meshes/sag_ayak_1.stl\n'}
[0.046568] (eternalmorph_description) StdoutLine: {'line': b'-- Up-to-date: /home/emirhan/eternalmorph/src/morphobot-ros2/install/eternalmorph_description/share/ament_index/resource_index/package_run_dependencies/eternalmorph_description\n'}
[0.046676] (eternalmorph_description) StdoutLine: {'line': b'-- Up-to-date: /home/emirhan/eternalmorph/src/morphobot-ros2/install/eternalmorph_description/share/ament_index/resource_index/parent_prefix_path/eternalmorph_description\n'}
[0.046729] (eternalmorph_description) StdoutLine: {'line': b'-- Up-to-date: /home/emirhan/eternalmorph/src/morphobot-ros2/install/eternalmorph_description/share/eternalmorph_description/environment/ament_prefix_path.sh\n'}
[0.046784] (eternalmorph_description) StdoutLine: {'line': b'-- Up-to-date: /home/emirhan/eternalmorph/src/morphobot-ros2/install/eternalmorph_description/share/eternalmorph_description/environment/ament_prefix_path.dsv\n'}
[0.046826] (eternalmorph_description) StdoutLine: {'line': b'-- Up-to-date: /home/emirhan/eternalmorph/src/morphobot-ros2/install/eternalmorph_description/share/eternalmorph_description/environment/path.sh\n'}
[0.046921] (eternalmorph_description) StdoutLine: {'line': b'-- Up-to-date: /home/emirhan/eternalmorph/src/morphobot-ros2/install/eternalmorph_description/share/eternalmorph_description/environment/path.dsv\n'}
[0.047127] (eternalmorph_description) StdoutLine: {'line': b'-- Up-to-date: /home/emirhan/eternalmorph/src/morphobot-ros2/install/eternalmorph_description/share/eternalmorph_description/local_setup.bash\n'}
[0.047190] (eternalmorph_description) StdoutLine: {'line': b'-- Up-to-date: /home/emirhan/eternalmorph/src/morphobot-ros2/install/eternalmorph_description/share/eternalmorph_description/local_setup.sh\n'}
[0.047242] (eternalmorph_description) StdoutLine: {'line': b'-- Up-to-date: /home/emirhan/eternalmorph/src/morphobot-ros2/install/eternalmorph_description/share/eternalmorph_description/local_setup.zsh\n'}
[0.047348] (eternalmorph_description) StdoutLine: {'line': b'-- Up-to-date: /home/emirhan/eternalmorph/src/morphobot-ros2/install/eternalmorph_description/share/eternalmorph_description/local_setup.dsv\n'}
[0.047442] (eternalmorph_description) StdoutLine: {'line': b'-- Up-to-date: /home/emirhan/eternalmorph/src/morphobot-ros2/install/eternalmorph_description/share/eternalmorph_description/package.dsv\n'}
[0.047642] (eternalmorph_description) StdoutLine: {'line': b'-- Up-to-date: /home/emirhan/eternalmorph/src/morphobot-ros2/install/eternalmorph_description/share/ament_index/resource_index/packages/eternalmorph_description\n'}
[0.047778] (eternalmorph_description) StdoutLine: {'line': b'-- Up-to-date: /home/emirhan/eternalmorph/src/morphobot-ros2/install/eternalmorph_description/share/eternalmorph_description/cmake/eternalmorph_descriptionConfig.cmake\n'}
[0.047870] (eternalmorph_description) StdoutLine: {'line': b'-- Up-to-date: /home/emirhan/eternalmorph/src/morphobot-ros2/install/eternalmorph_description/share/eternalmorph_description/cmake/eternalmorph_descriptionConfig-version.cmake\n'}
[0.048016] (eternalmorph_description) StdoutLine: {'line': b'-- Up-to-date: /home/emirhan/eternalmorph/src/morphobot-ros2/install/eternalmorph_description/share/eternalmorph_description/package.xml\n'}
[0.048194] (eternalmorph_description) CommandEnded: {'returncode': 0}
[0.058767] (eternalmorph_description) JobEnded: {'identifier': 'eternalmorph_description', 'rc': 0}
[0.059129] (-) EventReactorShutdown: {}
