-- Install configuration: ""
-- Up-to-date: /home/emirhan/eternalmorph/src/morphobot-ros2/install/eternalmorph_description/share/eternalmorph_description/launch
-- Up-to-date: /home/emirhan/eternalmorph/src/morphobot-ros2/install/eternalmorph_description/share/eternalmorph_description/launch/mode.py
-- Up-to-date: /home/emirhan/eternalmorph/src/morphobot-ros2/install/eternalmorph_description/share/eternalmorph_description/launch/gazebo.launch.py
-- Up-to-date: /home/emirhan/eternalmorph/src/morphobot-ros2/install/eternalmorph_description/share/eternalmorph_description/launch/controller.launch
-- Up-to-date: /home/emirhan/eternalmorph/src/morphobot-ros2/install/eternalmorph_description/share/eternalmorph_description/launch/__pycache__
-- Up-to-date: /home/emirhan/eternalmorph/src/morphobot-ros2/install/eternalmorph_description/share/eternalmorph_description/launch/__pycache__/display.launch.cpython-310.pyc
-- Up-to-date: /home/emirhan/eternalmorph/src/morphobot-ros2/install/eternalmorph_description/share/eternalmorph_description/launch/__pycache__/gazebo.launch.cpython-310.pyc
-- Up-to-date: /home/emirhan/eternalmorph/src/morphobot-ros2/install/eternalmorph_description/share/eternalmorph_description/launch/__pycache__/katla.cpython-310.pyc
-- Up-to-date: /home/emirhan/eternalmorph/src/morphobot-ros2/install/eternalmorph_description/share/eternalmorph_description/launch/controller.yaml
-- Up-to-date: /home/emirhan/eternalmorph/src/morphobot-ros2/install/eternalmorph_description/share/eternalmorph_description/launch/urdf.rviz
-- Up-to-date: /home/emirhan/eternalmorph/src/morphobot-ros2/install/eternalmorph_description/share/eternalmorph_description/launch/display.launch.py
-- Up-to-date: /home/emirhan/eternalmorph/src/morphobot-ros2/install/eternalmorph_description/share/eternalmorph_description/launch/katla.py
-- Up-to-date: /home/emirhan/eternalmorph/src/morphobot-ros2/install/eternalmorph_description/lib/eternalmorph_description/katla.py
-- Up-to-date: /home/emirhan/eternalmorph/src/morphobot-ros2/install/eternalmorph_description/lib/eternalmorph_description/mode.py
-- Up-to-date: /home/emirhan/eternalmorph/src/morphobot-ros2/install/eternalmorph_description/lib/eternalmorph_description/katla
-- Up-to-date: /home/emirhan/eternalmorph/src/morphobot-ros2/install/eternalmorph_description/lib/eternalmorph_description/mode
-- Up-to-date: /home/emirhan/eternalmorph/src/morphobot-ros2/install/eternalmorph_description/share/eternalmorph_description/urdf
-- Installing: /home/emirhan/eternalmorph/src/morphobot-ros2/install/eternalmorph_description/share/eternalmorph_description/urdf/eternalmorph.gazebo
-- Up-to-date: /home/emirhan/eternalmorph/src/morphobot-ros2/install/eternalmorph_description/share/eternalmorph_description/urdf/materials.xacro
-- Installing: /home/emirhan/eternalmorph/src/morphobot-ros2/install/eternalmorph_description/share/eternalmorph_description/urdf/eternalmorph.xacro
-- Up-to-date: /home/emirhan/eternalmorph/src/morphobot-ros2/install/eternalmorph_description/share/eternalmorph_description/urdf/eternalmorph.trans
-- Up-to-date: /home/emirhan/eternalmorph/src/morphobot-ros2/install/eternalmorph_description/share/eternalmorph_description/meshes
-- Up-to-date: /home/emirhan/eternalmorph/src/morphobot-ros2/install/eternalmorph_description/share/eternalmorph_description/meshes/bacak_1.stl
-- Up-to-date: /home/emirhan/eternalmorph/src/morphobot-ros2/install/eternalmorph_description/share/eternalmorph_description/meshes/base_link.stl
-- Up-to-date: /home/emirhan/eternalmorph/src/morphobot-ros2/install/eternalmorph_description/share/eternalmorph_description/meshes/sol_arka_teker_1.stl
-- Up-to-date: /home/emirhan/eternalmorph/src/morphobot-ros2/install/eternalmorph_description/share/eternalmorph_description/meshes/sol_arka_tutucu_parca_1.stl
-- Up-to-date: /home/emirhan/eternalmorph/src/morphobot-ros2/install/eternalmorph_description/share/eternalmorph_description/meshes/sol_arka_pervane_1.stl
-- Up-to-date: /home/emirhan/eternalmorph/src/morphobot-ros2/install/eternalmorph_description/share/eternalmorph_description/meshes/sag_arka_ust_motor_1.stl
-- Up-to-date: /home/emirhan/eternalmorph/src/morphobot-ros2/install/eternalmorph_description/share/eternalmorph_description/meshes/sol_on_tekerlek_eksen_1.stl
-- Up-to-date: /home/emirhan/eternalmorph/src/morphobot-ros2/install/eternalmorph_description/share/eternalmorph_description/meshes/sag_on_ust_motor_1.stl
-- Up-to-date: /home/emirhan/eternalmorph/src/morphobot-ros2/install/eternalmorph_description/share/eternalmorph_description/meshes/sag_on_teker_1.stl
-- Up-to-date: /home/emirhan/eternalmorph/src/morphobot-ros2/install/eternalmorph_description/share/eternalmorph_description/meshes/sol_on_ust_motor_1.stl
-- Up-to-date: /home/emirhan/eternalmorph/src/morphobot-ros2/install/eternalmorph_description/share/eternalmorph_description/meshes/sol_on_tutucu_parca_1.stl
-- Up-to-date: /home/emirhan/eternalmorph/src/morphobot-ros2/install/eternalmorph_description/share/eternalmorph_description/meshes/sag_arka_pervane_1.stl
-- Up-to-date: /home/emirhan/eternalmorph/src/morphobot-ros2/install/eternalmorph_description/share/eternalmorph_description/meshes/sol_on_teker_1.stl
-- Up-to-date: /home/emirhan/eternalmorph/src/morphobot-ros2/install/eternalmorph_description/share/eternalmorph_description/meshes/sag_arka_tekerlek_eksen_1.stl
-- Up-to-date: /home/emirhan/eternalmorph/src/morphobot-ros2/install/eternalmorph_description/share/eternalmorph_description/meshes/sol_ayak_1.stl
-- Up-to-date: /home/emirhan/eternalmorph/src/morphobot-ros2/install/eternalmorph_description/share/eternalmorph_description/meshes/sol_on_pervane_1.stl
-- Up-to-date: /home/emirhan/eternalmorph/src/morphobot-ros2/install/eternalmorph_description/share/eternalmorph_description/meshes/sag_arka_tutucu_parca_1.stl
-- Up-to-date: /home/emirhan/eternalmorph/src/morphobot-ros2/install/eternalmorph_description/share/eternalmorph_description/meshes/sag_arka_teker_1.stl
-- Up-to-date: /home/emirhan/eternalmorph/src/morphobot-ros2/install/eternalmorph_description/share/eternalmorph_description/meshes/sag_on_tekerlek_eksen_1.stl
-- Up-to-date: /home/emirhan/eternalmorph/src/morphobot-ros2/install/eternalmorph_description/share/eternalmorph_description/meshes/sol_arka_tekerlek_eksen_1.stl
-- Up-to-date: /home/emirhan/eternalmorph/src/morphobot-ros2/install/eternalmorph_description/share/eternalmorph_description/meshes/sag_on_pervane_1.stl
-- Up-to-date: /home/emirhan/eternalmorph/src/morphobot-ros2/install/eternalmorph_description/share/eternalmorph_description/meshes/sag_on_tutucu_parca_1.stl
-- Up-to-date: /home/emirhan/eternalmorph/src/morphobot-ros2/install/eternalmorph_description/share/eternalmorph_description/meshes/sol_arka_ust_motor_1.stl
-- Up-to-date: /home/emirhan/eternalmorph/src/morphobot-ros2/install/eternalmorph_description/share/eternalmorph_description/meshes/sag_ayak_1.stl
-- Up-to-date: /home/emirhan/eternalmorph/src/morphobot-ros2/install/eternalmorph_description/share/ament_index/resource_index/package_run_dependencies/eternalmorph_description
-- Up-to-date: /home/emirhan/eternalmorph/src/morphobot-ros2/install/eternalmorph_description/share/ament_index/resource_index/parent_prefix_path/eternalmorph_description
-- Up-to-date: /home/emirhan/eternalmorph/src/morphobot-ros2/install/eternalmorph_description/share/eternalmorph_description/environment/ament_prefix_path.sh
-- Up-to-date: /home/emirhan/eternalmorph/src/morphobot-ros2/install/eternalmorph_description/share/eternalmorph_description/environment/ament_prefix_path.dsv
-- Up-to-date: /home/emirhan/eternalmorph/src/morphobot-ros2/install/eternalmorph_description/share/eternalmorph_description/environment/path.sh
-- Up-to-date: /home/emirhan/eternalmorph/src/morphobot-ros2/install/eternalmorph_description/share/eternalmorph_description/environment/path.dsv
-- Up-to-date: /home/emirhan/eternalmorph/src/morphobot-ros2/install/eternalmorph_description/share/eternalmorph_description/local_setup.bash
-- Up-to-date: /home/emirhan/eternalmorph/src/morphobot-ros2/install/eternalmorph_description/share/eternalmorph_description/local_setup.sh
-- Up-to-date: /home/emirhan/eternalmorph/src/morphobot-ros2/install/eternalmorph_description/share/eternalmorph_description/local_setup.zsh
-- Up-to-date: /home/emirhan/eternalmorph/src/morphobot-ros2/install/eternalmorph_description/share/eternalmorph_description/local_setup.dsv
-- Installing: /home/emirhan/eternalmorph/src/morphobot-ros2/install/eternalmorph_description/share/eternalmorph_description/package.dsv
-- Up-to-date: /home/emirhan/eternalmorph/src/morphobot-ros2/install/eternalmorph_description/share/ament_index/resource_index/packages/eternalmorph_description
-- Up-to-date: /home/emirhan/eternalmorph/src/morphobot-ros2/install/eternalmorph_description/share/eternalmorph_description/cmake/eternalmorph_descriptionConfig.cmake
-- Up-to-date: /home/emirhan/eternalmorph/src/morphobot-ros2/install/eternalmorph_description/share/eternalmorph_description/cmake/eternalmorph_descriptionConfig-version.cmake
-- Up-to-date: /home/emirhan/eternalmorph/src/morphobot-ros2/install/eternalmorph_description/share/eternalmorph_description/package.xml
