[0.008s] Invoking command in '/home/emirhan/eternalmorph/src/morphobot-ros2/build/eternalmorph_description': CMAKE_PREFIX_PATH=/opt/ros/humble /usr/bin/cmake --build /home/emirhan/eternalmorph/src/morphobot-ros2/build/eternalmorph_description -- -j16 -l16
[0.032s] Invoked command in '/home/emirhan/eternalmorph/src/morphobot-ros2/build/eternalmorph_description' returned '0': CMAKE_PREFIX_PATH=/opt/ros/humble /usr/bin/cmake --build /home/emirhan/eternalmorph/src/morphobot-ros2/build/eternalmorph_description -- -j16 -l16
[0.039s] Invoking command in '/home/emirhan/eternalmorph/src/morphobot-ros2/build/eternalmorph_description': CMAKE_PREFIX_PATH=/opt/ros/humble /usr/bin/cmake --install /home/emirhan/eternalmorph/src/morphobot-ros2/build/eternalmorph_description
[0.045s] -- Install configuration: ""
[0.045s] -- Up-to-date: /home/emirhan/eternalmorph/src/morphobot-ros2/install/eternalmorph_description/share/eternalmorph_description/launch
[0.045s] -- Up-to-date: /home/emirhan/eternalmorph/src/morphobot-ros2/install/eternalmorph_description/share/eternalmorph_description/launch/mode.py
[0.045s] -- Up-to-date: /home/emirhan/eternalmorph/src/morphobot-ros2/install/eternalmorph_description/share/eternalmorph_description/launch/gazebo.launch.py
[0.046s] -- Up-to-date: /home/emirhan/eternalmorph/src/morphobot-ros2/install/eternalmorph_description/share/eternalmorph_description/launch/controller.launch
[0.046s] -- Up-to-date: /home/emirhan/eternalmorph/src/morphobot-ros2/install/eternalmorph_description/share/eternalmorph_description/launch/__pycache__
[0.046s] -- Up-to-date: /home/emirhan/eternalmorph/src/morphobot-ros2/install/eternalmorph_description/share/eternalmorph_description/launch/__pycache__/display.launch.cpython-310.pyc
[0.046s] -- Up-to-date: /home/emirhan/eternalmorph/src/morphobot-ros2/install/eternalmorph_description/share/eternalmorph_description/launch/__pycache__/gazebo.launch.cpython-310.pyc
[0.046s] -- Up-to-date: /home/emirhan/eternalmorph/src/morphobot-ros2/install/eternalmorph_description/share/eternalmorph_description/launch/__pycache__/katla.cpython-310.pyc
[0.046s] -- Up-to-date: /home/emirhan/eternalmorph/src/morphobot-ros2/install/eternalmorph_description/share/eternalmorph_description/launch/controller.yaml
[0.046s] -- Up-to-date: /home/emirhan/eternalmorph/src/morphobot-ros2/install/eternalmorph_description/share/eternalmorph_description/launch/urdf.rviz
[0.046s] -- Up-to-date: /home/emirhan/eternalmorph/src/morphobot-ros2/install/eternalmorph_description/share/eternalmorph_description/launch/display.launch.py
[0.046s] -- Up-to-date: /home/emirhan/eternalmorph/src/morphobot-ros2/install/eternalmorph_description/share/eternalmorph_description/launch/katla.py
[0.046s] -- Up-to-date: /home/emirhan/eternalmorph/src/morphobot-ros2/install/eternalmorph_description/lib/eternalmorph_description/katla.py
[0.046s] -- Up-to-date: /home/emirhan/eternalmorph/src/morphobot-ros2/install/eternalmorph_description/lib/eternalmorph_description/mode.py
[0.046s] -- Up-to-date: /home/emirhan/eternalmorph/src/morphobot-ros2/install/eternalmorph_description/lib/eternalmorph_description/katla
[0.046s] -- Up-to-date: /home/emirhan/eternalmorph/src/morphobot-ros2/install/eternalmorph_description/lib/eternalmorph_description/mode
[0.046s] -- Up-to-date: /home/emirhan/eternalmorph/src/morphobot-ros2/install/eternalmorph_description/share/eternalmorph_description/urdf
[0.046s] -- Installing: /home/emirhan/eternalmorph/src/morphobot-ros2/install/eternalmorph_description/share/eternalmorph_description/urdf/eternalmorph.gazebo
[0.046s] -- Up-to-date: /home/emirhan/eternalmorph/src/morphobot-ros2/install/eternalmorph_description/share/eternalmorph_description/urdf/materials.xacro
[0.046s] -- Installing: /home/emirhan/eternalmorph/src/morphobot-ros2/install/eternalmorph_description/share/eternalmorph_description/urdf/eternalmorph.xacro
[0.047s] -- Up-to-date: /home/emirhan/eternalmorph/src/morphobot-ros2/install/eternalmorph_description/share/eternalmorph_description/urdf/eternalmorph.trans
[0.047s] -- Up-to-date: /home/emirhan/eternalmorph/src/morphobot-ros2/install/eternalmorph_description/share/eternalmorph_description/meshes
[0.047s] -- Up-to-date: /home/emirhan/eternalmorph/src/morphobot-ros2/install/eternalmorph_description/share/eternalmorph_description/meshes/bacak_1.stl
[0.047s] -- Up-to-date: /home/emirhan/eternalmorph/src/morphobot-ros2/install/eternalmorph_description/share/eternalmorph_description/meshes/base_link.stl
[0.047s] -- Up-to-date: /home/emirhan/eternalmorph/src/morphobot-ros2/install/eternalmorph_description/share/eternalmorph_description/meshes/sol_arka_teker_1.stl
[0.047s] -- Up-to-date: /home/emirhan/eternalmorph/src/morphobot-ros2/install/eternalmorph_description/share/eternalmorph_description/meshes/sol_arka_tutucu_parca_1.stl
[0.047s] -- Up-to-date: /home/emirhan/eternalmorph/src/morphobot-ros2/install/eternalmorph_description/share/eternalmorph_description/meshes/sol_arka_pervane_1.stl
[0.047s] -- Up-to-date: /home/emirhan/eternalmorph/src/morphobot-ros2/install/eternalmorph_description/share/eternalmorph_description/meshes/sag_arka_ust_motor_1.stl
[0.047s] -- Up-to-date: /home/emirhan/eternalmorph/src/morphobot-ros2/install/eternalmorph_description/share/eternalmorph_description/meshes/sol_on_tekerlek_eksen_1.stl
[0.047s] -- Up-to-date: /home/emirhan/eternalmorph/src/morphobot-ros2/install/eternalmorph_description/share/eternalmorph_description/meshes/sag_on_ust_motor_1.stl
[0.047s] -- Up-to-date: /home/emirhan/eternalmorph/src/morphobot-ros2/install/eternalmorph_description/share/eternalmorph_description/meshes/sag_on_teker_1.stl
[0.047s] -- Up-to-date: /home/emirhan/eternalmorph/src/morphobot-ros2/install/eternalmorph_description/share/eternalmorph_description/meshes/sol_on_ust_motor_1.stl
[0.047s] -- Up-to-date: /home/emirhan/eternalmorph/src/morphobot-ros2/install/eternalmorph_description/share/eternalmorph_description/meshes/sol_on_tutucu_parca_1.stl
[0.047s] -- Up-to-date: /home/emirhan/eternalmorph/src/morphobot-ros2/install/eternalmorph_description/share/eternalmorph_description/meshes/sag_arka_pervane_1.stl
[0.047s] -- Up-to-date: /home/emirhan/eternalmorph/src/morphobot-ros2/install/eternalmorph_description/share/eternalmorph_description/meshes/sol_on_teker_1.stl
[0.047s] -- Up-to-date: /home/emirhan/eternalmorph/src/morphobot-ros2/install/eternalmorph_description/share/eternalmorph_description/meshes/sag_arka_tekerlek_eksen_1.stl
[0.047s] -- Up-to-date: /home/emirhan/eternalmorph/src/morphobot-ros2/install/eternalmorph_description/share/eternalmorph_description/meshes/sol_ayak_1.stl
[0.047s] -- Up-to-date: /home/emirhan/eternalmorph/src/morphobot-ros2/install/eternalmorph_description/share/eternalmorph_description/meshes/sol_on_pervane_1.stl
[0.047s] -- Up-to-date: /home/emirhan/eternalmorph/src/morphobot-ros2/install/eternalmorph_description/share/eternalmorph_description/meshes/sag_arka_tutucu_parca_1.stl
[0.047s] -- Up-to-date: /home/emirhan/eternalmorph/src/morphobot-ros2/install/eternalmorph_description/share/eternalmorph_description/meshes/sag_arka_teker_1.stl
[0.047s] -- Up-to-date: /home/emirhan/eternalmorph/src/morphobot-ros2/install/eternalmorph_description/share/eternalmorph_description/meshes/sag_on_tekerlek_eksen_1.stl
[0.048s] -- Up-to-date: /home/emirhan/eternalmorph/src/morphobot-ros2/install/eternalmorph_description/share/eternalmorph_description/meshes/sol_arka_tekerlek_eksen_1.stl
[0.048s] -- Up-to-date: /home/emirhan/eternalmorph/src/morphobot-ros2/install/eternalmorph_description/share/eternalmorph_description/meshes/sag_on_pervane_1.stl
[0.048s] -- Up-to-date: /home/emirhan/eternalmorph/src/morphobot-ros2/install/eternalmorph_description/share/eternalmorph_description/meshes/sag_on_tutucu_parca_1.stl
[0.048s] -- Up-to-date: /home/emirhan/eternalmorph/src/morphobot-ros2/install/eternalmorph_description/share/eternalmorph_description/meshes/sol_arka_ust_motor_1.stl
[0.048s] -- Up-to-date: /home/emirhan/eternalmorph/src/morphobot-ros2/install/eternalmorph_description/share/eternalmorph_description/meshes/sag_ayak_1.stl
[0.048s] -- Up-to-date: /home/emirhan/eternalmorph/src/morphobot-ros2/install/eternalmorph_description/share/ament_index/resource_index/package_run_dependencies/eternalmorph_description
[0.049s] -- Up-to-date: /home/emirhan/eternalmorph/src/morphobot-ros2/install/eternalmorph_description/share/ament_index/resource_index/parent_prefix_path/eternalmorph_description
[0.049s] -- Up-to-date: /home/emirhan/eternalmorph/src/morphobot-ros2/install/eternalmorph_description/share/eternalmorph_description/environment/ament_prefix_path.sh
[0.049s] -- Up-to-date: /home/emirhan/eternalmorph/src/morphobot-ros2/install/eternalmorph_description/share/eternalmorph_description/environment/ament_prefix_path.dsv
[0.049s] -- Up-to-date: /home/emirhan/eternalmorph/src/morphobot-ros2/install/eternalmorph_description/share/eternalmorph_description/environment/path.sh
[0.049s] -- Up-to-date: /home/emirhan/eternalmorph/src/morphobot-ros2/install/eternalmorph_description/share/eternalmorph_description/environment/path.dsv
[0.049s] -- Up-to-date: /home/emirhan/eternalmorph/src/morphobot-ros2/install/eternalmorph_description/share/eternalmorph_description/local_setup.bash
[0.049s] -- Up-to-date: /home/emirhan/eternalmorph/src/morphobot-ros2/install/eternalmorph_description/share/eternalmorph_description/local_setup.sh
[0.049s] -- Up-to-date: /home/emirhan/eternalmorph/src/morphobot-ros2/install/eternalmorph_description/share/eternalmorph_description/local_setup.zsh
[0.050s] -- Up-to-date: /home/emirhan/eternalmorph/src/morphobot-ros2/install/eternalmorph_description/share/eternalmorph_description/local_setup.dsv
[0.050s] -- Installing: /home/emirhan/eternalmorph/src/morphobot-ros2/install/eternalmorph_description/share/eternalmorph_description/package.dsv
[0.050s] -- Up-to-date: /home/emirhan/eternalmorph/src/morphobot-ros2/install/eternalmorph_description/share/ament_index/resource_index/packages/eternalmorph_description
[0.050s] -- Up-to-date: /home/emirhan/eternalmorph/src/morphobot-ros2/install/eternalmorph_description/share/eternalmorph_description/cmake/eternalmorph_descriptionConfig.cmake
[0.050s] -- Up-to-date: /home/emirhan/eternalmorph/src/morphobot-ros2/install/eternalmorph_description/share/eternalmorph_description/cmake/eternalmorph_descriptionConfig-version.cmake
[0.050s] -- Up-to-date: /home/emirhan/eternalmorph/src/morphobot-ros2/install/eternalmorph_description/share/eternalmorph_description/package.xml
[0.050s] Invoked command in '/home/emirhan/eternalmorph/src/morphobot-ros2/build/eternalmorph_description' returned '0': CMAKE_PREFIX_PATH=/opt/ros/humble /usr/bin/cmake --install /home/emirhan/eternalmorph/src/morphobot-ros2/build/eternalmorph_description
