[0.071s] DEBUG:colcon:Command line arguments: ['/usr/bin/colcon', 'build', '--packages-select', 'eternalmorph_description']
[0.071s] DEBUG:colcon:Parsed command line arguments: Namespace(log_base=None, log_level=None, verb_name='build', build_base='build', install_base='install', merge_install=False, symlink_install=False, test_result_base=None, continue_on_error=False, executor='parallel', parallel_workers=16, event_handlers=None, ignore_user_meta=False, metas=['./colcon.meta'], base_paths=['.'], packages_ignore=None, packages_ignore_regex=None, paths=None, packages_up_to=None, packages_up_to_regex=None, packages_above=None, packages_above_and_dependencies=None, packages_above_depth=None, packages_select_by_dep=None, packages_skip_by_dep=None, packages_skip_up_to=None, packages_select_build_failed=False, packages_skip_build_finished=False, packages_select_test_failures=False, packages_skip_test_passed=False, packages_select=['eternalmorph_description'], packages_skip=None, packages_select_regex=None, packages_skip_regex=None, packages_start=None, packages_end=None, allow_overriding=[], cmake_args=None, cmake_target=None, cmake_target_skip_unavailable=False, cmake_clean_cache=False, cmake_clean_first=False, cmake_force_configure=False, ament_cmake_args=None, catkin_cmake_args=None, catkin_skip_building_tests=False, verb_parser=<colcon_defaults.argument_parser.defaults.DefaultArgumentsDecorator object at 0x71ce1ab63820>, verb_extension=<colcon_core.verb.build.BuildVerb object at 0x71ce1ab63280>, main=<bound method BuildVerb.main of <colcon_core.verb.build.BuildVerb object at 0x71ce1ab63280>>)
[0.206s] Level 1:colcon.colcon_core.package_discovery:discover_packages(colcon_meta) check parameters
[0.206s] Level 1:colcon.colcon_core.package_discovery:discover_packages(recursive) check parameters
[0.206s] Level 1:colcon.colcon_core.package_discovery:discover_packages(ignore) check parameters
[0.206s] Level 1:colcon.colcon_core.package_discovery:discover_packages(path) check parameters
[0.206s] Level 1:colcon.colcon_core.package_discovery:discover_packages(colcon_meta) discover
[0.206s] Level 1:colcon.colcon_core.package_discovery:discover_packages(recursive) discover
[0.206s] INFO:colcon.colcon_core.package_discovery:Crawling recursively for packages in '/home/emirhan/eternalmorph/src/morphobot-ros2'
[0.206s] Level 1:colcon.colcon_core.package_identification:_identify(.) by extensions ['ignore', 'ignore_ament_install']
[0.206s] Level 1:colcon.colcon_core.package_identification:_identify(.) by extension 'ignore'
[0.206s] Level 1:colcon.colcon_core.package_identification:_identify(.) by extension 'ignore_ament_install'
[0.207s] Level 1:colcon.colcon_core.package_identification:_identify(.) by extensions ['colcon_pkg']
[0.207s] Level 1:colcon.colcon_core.package_identification:_identify(.) by extension 'colcon_pkg'
[0.207s] Level 1:colcon.colcon_core.package_identification:_identify(.) by extensions ['colcon_meta']
[0.207s] Level 1:colcon.colcon_core.package_identification:_identify(.) by extension 'colcon_meta'
[0.207s] Level 1:colcon.colcon_core.package_identification:_identify(.) by extensions ['ros']
[0.207s] Level 1:colcon.colcon_core.package_identification:_identify(.) by extension 'ros'
[0.220s] Level 1:colcon.colcon_core.package_identification:_identify(.) by extensions ['cmake', 'python']
[0.220s] Level 1:colcon.colcon_core.package_identification:_identify(.) by extension 'cmake'
[0.220s] Level 1:colcon.colcon_core.package_identification:_identify(.) by extension 'python'
[0.220s] Level 1:colcon.colcon_core.package_identification:_identify(.) by extensions ['python_setup_py']
[0.220s] Level 1:colcon.colcon_core.package_identification:_identify(.) by extension 'python_setup_py'
[0.220s] Level 1:colcon.colcon_core.package_identification:_identify(build) by extensions ['ignore', 'ignore_ament_install']
[0.220s] Level 1:colcon.colcon_core.package_identification:_identify(build) by extension 'ignore'
[0.220s] Level 1:colcon.colcon_core.package_identification:_identify(build) ignored
[0.220s] Level 1:colcon.colcon_core.package_identification:_identify(eternalmorph_description) by extensions ['ignore', 'ignore_ament_install']
[0.220s] Level 1:colcon.colcon_core.package_identification:_identify(eternalmorph_description) by extension 'ignore'
[0.221s] Level 1:colcon.colcon_core.package_identification:_identify(eternalmorph_description) by extension 'ignore_ament_install'
[0.221s] Level 1:colcon.colcon_core.package_identification:_identify(eternalmorph_description) by extensions ['colcon_pkg']
[0.221s] Level 1:colcon.colcon_core.package_identification:_identify(eternalmorph_description) by extension 'colcon_pkg'
[0.221s] Level 1:colcon.colcon_core.package_identification:_identify(eternalmorph_description) by extensions ['colcon_meta']
[0.221s] Level 1:colcon.colcon_core.package_identification:_identify(eternalmorph_description) by extension 'colcon_meta'
[0.221s] Level 1:colcon.colcon_core.package_identification:_identify(eternalmorph_description) by extensions ['ros']
[0.221s] Level 1:colcon.colcon_core.package_identification:_identify(eternalmorph_description) by extension 'ros'
[0.222s] DEBUG:colcon.colcon_core.package_identification:Package 'eternalmorph_description' with type 'ros.ament_cmake' and name 'eternalmorph_description'
[0.222s] Level 1:colcon.colcon_core.package_identification:_identify(install) by extensions ['ignore', 'ignore_ament_install']
[0.222s] Level 1:colcon.colcon_core.package_identification:_identify(install) by extension 'ignore'
[0.222s] Level 1:colcon.colcon_core.package_identification:_identify(install) ignored
[0.222s] Level 1:colcon.colcon_core.package_identification:_identify(log) by extensions ['ignore', 'ignore_ament_install']
[0.223s] Level 1:colcon.colcon_core.package_identification:_identify(log) by extension 'ignore'
[0.223s] Level 1:colcon.colcon_core.package_identification:_identify(log) ignored
[0.223s] Level 1:colcon.colcon_core.package_identification:_identify(ros_gz) by extensions ['ignore', 'ignore_ament_install']
[0.223s] Level 1:colcon.colcon_core.package_identification:_identify(ros_gz) by extension 'ignore'
[0.223s] Level 1:colcon.colcon_core.package_identification:_identify(ros_gz) by extension 'ignore_ament_install'
[0.223s] Level 1:colcon.colcon_core.package_identification:_identify(ros_gz) by extensions ['colcon_pkg']
[0.223s] Level 1:colcon.colcon_core.package_identification:_identify(ros_gz) by extension 'colcon_pkg'
[0.223s] Level 1:colcon.colcon_core.package_identification:_identify(ros_gz) by extensions ['colcon_meta']
[0.223s] Level 1:colcon.colcon_core.package_identification:_identify(ros_gz) by extension 'colcon_meta'
[0.223s] Level 1:colcon.colcon_core.package_identification:_identify(ros_gz) by extensions ['ros']
[0.223s] Level 1:colcon.colcon_core.package_identification:_identify(ros_gz) by extension 'ros'
[0.223s] Level 1:colcon.colcon_core.package_identification:_identify(ros_gz) by extensions ['cmake', 'python']
[0.223s] Level 1:colcon.colcon_core.package_identification:_identify(ros_gz) by extension 'cmake'
[0.223s] Level 1:colcon.colcon_core.package_identification:_identify(ros_gz) by extension 'python'
[0.223s] Level 1:colcon.colcon_core.package_identification:_identify(ros_gz) by extensions ['python_setup_py']
[0.223s] Level 1:colcon.colcon_core.package_identification:_identify(ros_gz) by extension 'python_setup_py'
[0.223s] Level 1:colcon.colcon_core.package_identification:_identify(ros_gz/ros_gz) by extensions ['ignore', 'ignore_ament_install']
[0.223s] Level 1:colcon.colcon_core.package_identification:_identify(ros_gz/ros_gz) by extension 'ignore'
[0.223s] Level 1:colcon.colcon_core.package_identification:_identify(ros_gz/ros_gz) by extension 'ignore_ament_install'
[0.223s] Level 1:colcon.colcon_core.package_identification:_identify(ros_gz/ros_gz) by extensions ['colcon_pkg']
[0.223s] Level 1:colcon.colcon_core.package_identification:_identify(ros_gz/ros_gz) by extension 'colcon_pkg'
[0.223s] Level 1:colcon.colcon_core.package_identification:_identify(ros_gz/ros_gz) by extensions ['colcon_meta']
[0.223s] Level 1:colcon.colcon_core.package_identification:_identify(ros_gz/ros_gz) by extension 'colcon_meta'
[0.223s] Level 1:colcon.colcon_core.package_identification:_identify(ros_gz/ros_gz) by extensions ['ros']
[0.223s] Level 1:colcon.colcon_core.package_identification:_identify(ros_gz/ros_gz) by extension 'ros'
[0.224s] DEBUG:colcon.colcon_core.package_identification:Package 'ros_gz/ros_gz' with type 'ros.ament_cmake' and name 'ros_gz'
[0.224s] Level 1:colcon.colcon_core.package_identification:_identify(ros_gz/ros_gz_bridge) by extensions ['ignore', 'ignore_ament_install']
[0.224s] Level 1:colcon.colcon_core.package_identification:_identify(ros_gz/ros_gz_bridge) by extension 'ignore'
[0.224s] Level 1:colcon.colcon_core.package_identification:_identify(ros_gz/ros_gz_bridge) by extension 'ignore_ament_install'
[0.224s] Level 1:colcon.colcon_core.package_identification:_identify(ros_gz/ros_gz_bridge) by extensions ['colcon_pkg']
[0.224s] Level 1:colcon.colcon_core.package_identification:_identify(ros_gz/ros_gz_bridge) by extension 'colcon_pkg'
[0.224s] Level 1:colcon.colcon_core.package_identification:_identify(ros_gz/ros_gz_bridge) by extensions ['colcon_meta']
[0.224s] Level 1:colcon.colcon_core.package_identification:_identify(ros_gz/ros_gz_bridge) by extension 'colcon_meta'
[0.224s] Level 1:colcon.colcon_core.package_identification:_identify(ros_gz/ros_gz_bridge) by extensions ['ros']
[0.224s] Level 1:colcon.colcon_core.package_identification:_identify(ros_gz/ros_gz_bridge) by extension 'ros'
[0.235s] DEBUG:colcon.colcon_core.package_identification:Package 'ros_gz/ros_gz_bridge' with type 'ros.ament_cmake' and name 'ros_gz_bridge'
[0.235s] Level 1:colcon.colcon_core.package_identification:_identify(ros_gz/ros_gz_image) by extensions ['ignore', 'ignore_ament_install']
[0.235s] Level 1:colcon.colcon_core.package_identification:_identify(ros_gz/ros_gz_image) by extension 'ignore'
[0.235s] Level 1:colcon.colcon_core.package_identification:_identify(ros_gz/ros_gz_image) by extension 'ignore_ament_install'
[0.235s] Level 1:colcon.colcon_core.package_identification:_identify(ros_gz/ros_gz_image) by extensions ['colcon_pkg']
[0.235s] Level 1:colcon.colcon_core.package_identification:_identify(ros_gz/ros_gz_image) by extension 'colcon_pkg'
[0.235s] Level 1:colcon.colcon_core.package_identification:_identify(ros_gz/ros_gz_image) by extensions ['colcon_meta']
[0.235s] Level 1:colcon.colcon_core.package_identification:_identify(ros_gz/ros_gz_image) by extension 'colcon_meta'
[0.236s] Level 1:colcon.colcon_core.package_identification:_identify(ros_gz/ros_gz_image) by extensions ['ros']
[0.236s] Level 1:colcon.colcon_core.package_identification:_identify(ros_gz/ros_gz_image) by extension 'ros'
[0.245s] DEBUG:colcon.colcon_core.package_identification:Package 'ros_gz/ros_gz_image' with type 'ros.ament_cmake' and name 'ros_gz_image'
[0.245s] Level 1:colcon.colcon_core.package_identification:_identify(ros_gz/ros_gz_interfaces) by extensions ['ignore', 'ignore_ament_install']
[0.245s] Level 1:colcon.colcon_core.package_identification:_identify(ros_gz/ros_gz_interfaces) by extension 'ignore'
[0.245s] Level 1:colcon.colcon_core.package_identification:_identify(ros_gz/ros_gz_interfaces) by extension 'ignore_ament_install'
[0.245s] Level 1:colcon.colcon_core.package_identification:_identify(ros_gz/ros_gz_interfaces) by extensions ['colcon_pkg']
[0.245s] Level 1:colcon.colcon_core.package_identification:_identify(ros_gz/ros_gz_interfaces) by extension 'colcon_pkg'
[0.245s] Level 1:colcon.colcon_core.package_identification:_identify(ros_gz/ros_gz_interfaces) by extensions ['colcon_meta']
[0.246s] Level 1:colcon.colcon_core.package_identification:_identify(ros_gz/ros_gz_interfaces) by extension 'colcon_meta'
[0.246s] Level 1:colcon.colcon_core.package_identification:_identify(ros_gz/ros_gz_interfaces) by extensions ['ros']
[0.246s] Level 1:colcon.colcon_core.package_identification:_identify(ros_gz/ros_gz_interfaces) by extension 'ros'
[0.246s] DEBUG:colcon.colcon_core.package_identification:Package 'ros_gz/ros_gz_interfaces' with type 'ros.ament_cmake' and name 'ros_gz_interfaces'
[0.246s] Level 1:colcon.colcon_core.package_identification:_identify(ros_gz/ros_gz_point_cloud) by extensions ['ignore', 'ignore_ament_install']
[0.246s] Level 1:colcon.colcon_core.package_identification:_identify(ros_gz/ros_gz_point_cloud) by extension 'ignore'
[0.246s] Level 1:colcon.colcon_core.package_identification:_identify(ros_gz/ros_gz_point_cloud) ignored
[0.247s] Level 1:colcon.colcon_core.package_identification:_identify(ros_gz/ros_gz_sim) by extensions ['ignore', 'ignore_ament_install']
[0.247s] Level 1:colcon.colcon_core.package_identification:_identify(ros_gz/ros_gz_sim) by extension 'ignore'
[0.247s] Level 1:colcon.colcon_core.package_identification:_identify(ros_gz/ros_gz_sim) by extension 'ignore_ament_install'
[0.247s] Level 1:colcon.colcon_core.package_identification:_identify(ros_gz/ros_gz_sim) by extensions ['colcon_pkg']
[0.247s] Level 1:colcon.colcon_core.package_identification:_identify(ros_gz/ros_gz_sim) by extension 'colcon_pkg'
[0.247s] Level 1:colcon.colcon_core.package_identification:_identify(ros_gz/ros_gz_sim) by extensions ['colcon_meta']
[0.247s] Level 1:colcon.colcon_core.package_identification:_identify(ros_gz/ros_gz_sim) by extension 'colcon_meta'
[0.247s] Level 1:colcon.colcon_core.package_identification:_identify(ros_gz/ros_gz_sim) by extensions ['ros']
[0.247s] Level 1:colcon.colcon_core.package_identification:_identify(ros_gz/ros_gz_sim) by extension 'ros'
[0.257s] DEBUG:colcon.colcon_core.package_identification:Package 'ros_gz/ros_gz_sim' with type 'ros.ament_cmake' and name 'ros_gz_sim'
[0.257s] Level 1:colcon.colcon_core.package_identification:_identify(ros_gz/ros_gz_sim_demos) by extensions ['ignore', 'ignore_ament_install']
[0.257s] Level 1:colcon.colcon_core.package_identification:_identify(ros_gz/ros_gz_sim_demos) by extension 'ignore'
[0.257s] Level 1:colcon.colcon_core.package_identification:_identify(ros_gz/ros_gz_sim_demos) by extension 'ignore_ament_install'
[0.257s] Level 1:colcon.colcon_core.package_identification:_identify(ros_gz/ros_gz_sim_demos) by extensions ['colcon_pkg']
[0.257s] Level 1:colcon.colcon_core.package_identification:_identify(ros_gz/ros_gz_sim_demos) by extension 'colcon_pkg'
[0.257s] Level 1:colcon.colcon_core.package_identification:_identify(ros_gz/ros_gz_sim_demos) by extensions ['colcon_meta']
[0.257s] Level 1:colcon.colcon_core.package_identification:_identify(ros_gz/ros_gz_sim_demos) by extension 'colcon_meta'
[0.257s] Level 1:colcon.colcon_core.package_identification:_identify(ros_gz/ros_gz_sim_demos) by extensions ['ros']
[0.257s] Level 1:colcon.colcon_core.package_identification:_identify(ros_gz/ros_gz_sim_demos) by extension 'ros'
[0.259s] DEBUG:colcon.colcon_core.package_identification:Package 'ros_gz/ros_gz_sim_demos' with type 'ros.ament_cmake' and name 'ros_gz_sim_demos'
[0.259s] Level 1:colcon.colcon_core.package_identification:_identify(ros_gz/ros_ign) by extensions ['ignore', 'ignore_ament_install']
[0.259s] Level 1:colcon.colcon_core.package_identification:_identify(ros_gz/ros_ign) by extension 'ignore'
[0.259s] Level 1:colcon.colcon_core.package_identification:_identify(ros_gz/ros_ign) by extension 'ignore_ament_install'
[0.259s] Level 1:colcon.colcon_core.package_identification:_identify(ros_gz/ros_ign) by extensions ['colcon_pkg']
[0.259s] Level 1:colcon.colcon_core.package_identification:_identify(ros_gz/ros_ign) by extension 'colcon_pkg'
[0.259s] Level 1:colcon.colcon_core.package_identification:_identify(ros_gz/ros_ign) by extensions ['colcon_meta']
[0.259s] Level 1:colcon.colcon_core.package_identification:_identify(ros_gz/ros_ign) by extension 'colcon_meta'
[0.259s] Level 1:colcon.colcon_core.package_identification:_identify(ros_gz/ros_ign) by extensions ['ros']
[0.259s] Level 1:colcon.colcon_core.package_identification:_identify(ros_gz/ros_ign) by extension 'ros'
[0.260s] DEBUG:colcon.colcon_core.package_identification:Package 'ros_gz/ros_ign' with type 'ros.ament_cmake' and name 'ros_ign'
[0.260s] Level 1:colcon.colcon_core.package_identification:_identify(ros_gz/ros_ign_bridge) by extensions ['ignore', 'ignore_ament_install']
[0.260s] Level 1:colcon.colcon_core.package_identification:_identify(ros_gz/ros_ign_bridge) by extension 'ignore'
[0.260s] Level 1:colcon.colcon_core.package_identification:_identify(ros_gz/ros_ign_bridge) by extension 'ignore_ament_install'
[0.260s] Level 1:colcon.colcon_core.package_identification:_identify(ros_gz/ros_ign_bridge) by extensions ['colcon_pkg']
[0.260s] Level 1:colcon.colcon_core.package_identification:_identify(ros_gz/ros_ign_bridge) by extension 'colcon_pkg'
[0.260s] Level 1:colcon.colcon_core.package_identification:_identify(ros_gz/ros_ign_bridge) by extensions ['colcon_meta']
[0.260s] Level 1:colcon.colcon_core.package_identification:_identify(ros_gz/ros_ign_bridge) by extension 'colcon_meta'
[0.260s] Level 1:colcon.colcon_core.package_identification:_identify(ros_gz/ros_ign_bridge) by extensions ['ros']
[0.260s] Level 1:colcon.colcon_core.package_identification:_identify(ros_gz/ros_ign_bridge) by extension 'ros'
[0.261s] DEBUG:colcon.colcon_core.package_identification:Package 'ros_gz/ros_ign_bridge' with type 'ros.ament_cmake' and name 'ros_ign_bridge'
[0.261s] Level 1:colcon.colcon_core.package_identification:_identify(ros_gz/ros_ign_gazebo) by extensions ['ignore', 'ignore_ament_install']
[0.261s] Level 1:colcon.colcon_core.package_identification:_identify(ros_gz/ros_ign_gazebo) by extension 'ignore'
[0.261s] Level 1:colcon.colcon_core.package_identification:_identify(ros_gz/ros_ign_gazebo) by extension 'ignore_ament_install'
[0.261s] Level 1:colcon.colcon_core.package_identification:_identify(ros_gz/ros_ign_gazebo) by extensions ['colcon_pkg']
[0.261s] Level 1:colcon.colcon_core.package_identification:_identify(ros_gz/ros_ign_gazebo) by extension 'colcon_pkg'
[0.261s] Level 1:colcon.colcon_core.package_identification:_identify(ros_gz/ros_ign_gazebo) by extensions ['colcon_meta']
[0.261s] Level 1:colcon.colcon_core.package_identification:_identify(ros_gz/ros_ign_gazebo) by extension 'colcon_meta'
[0.261s] Level 1:colcon.colcon_core.package_identification:_identify(ros_gz/ros_ign_gazebo) by extensions ['ros']
[0.261s] Level 1:colcon.colcon_core.package_identification:_identify(ros_gz/ros_ign_gazebo) by extension 'ros'
[0.261s] DEBUG:colcon.colcon_core.package_identification:Package 'ros_gz/ros_ign_gazebo' with type 'ros.ament_cmake' and name 'ros_ign_gazebo'
[0.261s] Level 1:colcon.colcon_core.package_identification:_identify(ros_gz/ros_ign_gazebo_demos) by extensions ['ignore', 'ignore_ament_install']
[0.261s] Level 1:colcon.colcon_core.package_identification:_identify(ros_gz/ros_ign_gazebo_demos) by extension 'ignore'
[0.262s] Level 1:colcon.colcon_core.package_identification:_identify(ros_gz/ros_ign_gazebo_demos) by extension 'ignore_ament_install'
[0.262s] Level 1:colcon.colcon_core.package_identification:_identify(ros_gz/ros_ign_gazebo_demos) by extensions ['colcon_pkg']
[0.262s] Level 1:colcon.colcon_core.package_identification:_identify(ros_gz/ros_ign_gazebo_demos) by extension 'colcon_pkg'
[0.262s] Level 1:colcon.colcon_core.package_identification:_identify(ros_gz/ros_ign_gazebo_demos) by extensions ['colcon_meta']
[0.262s] Level 1:colcon.colcon_core.package_identification:_identify(ros_gz/ros_ign_gazebo_demos) by extension 'colcon_meta'
[0.262s] Level 1:colcon.colcon_core.package_identification:_identify(ros_gz/ros_ign_gazebo_demos) by extensions ['ros']
[0.262s] Level 1:colcon.colcon_core.package_identification:_identify(ros_gz/ros_ign_gazebo_demos) by extension 'ros'
[0.262s] DEBUG:colcon.colcon_core.package_identification:Package 'ros_gz/ros_ign_gazebo_demos' with type 'ros.ament_cmake' and name 'ros_ign_gazebo_demos'
[0.262s] Level 1:colcon.colcon_core.package_identification:_identify(ros_gz/ros_ign_image) by extensions ['ignore', 'ignore_ament_install']
[0.262s] Level 1:colcon.colcon_core.package_identification:_identify(ros_gz/ros_ign_image) by extension 'ignore'
[0.262s] Level 1:colcon.colcon_core.package_identification:_identify(ros_gz/ros_ign_image) by extension 'ignore_ament_install'
[0.262s] Level 1:colcon.colcon_core.package_identification:_identify(ros_gz/ros_ign_image) by extensions ['colcon_pkg']
[0.262s] Level 1:colcon.colcon_core.package_identification:_identify(ros_gz/ros_ign_image) by extension 'colcon_pkg'
[0.262s] Level 1:colcon.colcon_core.package_identification:_identify(ros_gz/ros_ign_image) by extensions ['colcon_meta']
[0.262s] Level 1:colcon.colcon_core.package_identification:_identify(ros_gz/ros_ign_image) by extension 'colcon_meta'
[0.262s] Level 1:colcon.colcon_core.package_identification:_identify(ros_gz/ros_ign_image) by extensions ['ros']
[0.262s] Level 1:colcon.colcon_core.package_identification:_identify(ros_gz/ros_ign_image) by extension 'ros'
[0.263s] DEBUG:colcon.colcon_core.package_identification:Package 'ros_gz/ros_ign_image' with type 'ros.ament_cmake' and name 'ros_ign_image'
[0.263s] Level 1:colcon.colcon_core.package_identification:_identify(ros_gz/ros_ign_interfaces) by extensions ['ignore', 'ignore_ament_install']
[0.263s] Level 1:colcon.colcon_core.package_identification:_identify(ros_gz/ros_ign_interfaces) by extension 'ignore'
[0.263s] Level 1:colcon.colcon_core.package_identification:_identify(ros_gz/ros_ign_interfaces) by extension 'ignore_ament_install'
[0.263s] Level 1:colcon.colcon_core.package_identification:_identify(ros_gz/ros_ign_interfaces) by extensions ['colcon_pkg']
[0.263s] Level 1:colcon.colcon_core.package_identification:_identify(ros_gz/ros_ign_interfaces) by extension 'colcon_pkg'
[0.263s] Level 1:colcon.colcon_core.package_identification:_identify(ros_gz/ros_ign_interfaces) by extensions ['colcon_meta']
[0.263s] Level 1:colcon.colcon_core.package_identification:_identify(ros_gz/ros_ign_interfaces) by extension 'colcon_meta'
[0.263s] Level 1:colcon.colcon_core.package_identification:_identify(ros_gz/ros_ign_interfaces) by extensions ['ros']
[0.263s] Level 1:colcon.colcon_core.package_identification:_identify(ros_gz/ros_ign_interfaces) by extension 'ros'
[0.264s] DEBUG:colcon.colcon_core.package_identification:Package 'ros_gz/ros_ign_interfaces' with type 'ros.ament_cmake' and name 'ros_ign_interfaces'
[0.264s] Level 1:colcon.colcon_core.package_identification:_identify(ros_gz/test_ros_gz_bridge) by extensions ['ignore', 'ignore_ament_install']
[0.264s] Level 1:colcon.colcon_core.package_identification:_identify(ros_gz/test_ros_gz_bridge) by extension 'ignore'
[0.264s] Level 1:colcon.colcon_core.package_identification:_identify(ros_gz/test_ros_gz_bridge) by extension 'ignore_ament_install'
[0.264s] Level 1:colcon.colcon_core.package_identification:_identify(ros_gz/test_ros_gz_bridge) by extensions ['colcon_pkg']
[0.264s] Level 1:colcon.colcon_core.package_identification:_identify(ros_gz/test_ros_gz_bridge) by extension 'colcon_pkg'
[0.264s] Level 1:colcon.colcon_core.package_identification:_identify(ros_gz/test_ros_gz_bridge) by extensions ['colcon_meta']
[0.264s] Level 1:colcon.colcon_core.package_identification:_identify(ros_gz/test_ros_gz_bridge) by extension 'colcon_meta'
[0.264s] Level 1:colcon.colcon_core.package_identification:_identify(ros_gz/test_ros_gz_bridge) by extensions ['ros']
[0.264s] Level 1:colcon.colcon_core.package_identification:_identify(ros_gz/test_ros_gz_bridge) by extension 'ros'
[0.264s] DEBUG:colcon.colcon_core.package_identification:Package 'ros_gz/test_ros_gz_bridge' with type 'ros.ament_cmake' and name 'test_ros_gz_bridge'
[0.264s] Level 1:colcon.colcon_core.package_identification:_identify(ros_gz/tools) by extensions ['ignore', 'ignore_ament_install']
[0.264s] Level 1:colcon.colcon_core.package_identification:_identify(ros_gz/tools) by extension 'ignore'
[0.264s] Level 1:colcon.colcon_core.package_identification:_identify(ros_gz/tools) by extension 'ignore_ament_install'
[0.264s] Level 1:colcon.colcon_core.package_identification:_identify(ros_gz/tools) by extensions ['colcon_pkg']
[0.264s] Level 1:colcon.colcon_core.package_identification:_identify(ros_gz/tools) by extension 'colcon_pkg'
[0.265s] Level 1:colcon.colcon_core.package_identification:_identify(ros_gz/tools) by extensions ['colcon_meta']
[0.265s] Level 1:colcon.colcon_core.package_identification:_identify(ros_gz/tools) by extension 'colcon_meta'
[0.265s] Level 1:colcon.colcon_core.package_identification:_identify(ros_gz/tools) by extensions ['ros']
[0.265s] Level 1:colcon.colcon_core.package_identification:_identify(ros_gz/tools) by extension 'ros'
[0.265s] Level 1:colcon.colcon_core.package_identification:_identify(ros_gz/tools) by extensions ['cmake', 'python']
[0.265s] Level 1:colcon.colcon_core.package_identification:_identify(ros_gz/tools) by extension 'cmake'
[0.265s] Level 1:colcon.colcon_core.package_identification:_identify(ros_gz/tools) by extension 'python'
[0.265s] Level 1:colcon.colcon_core.package_identification:_identify(ros_gz/tools) by extensions ['python_setup_py']
[0.265s] Level 1:colcon.colcon_core.package_identification:_identify(ros_gz/tools) by extension 'python_setup_py'
[0.265s] Level 1:colcon.colcon_core.package_identification:_identify(stm32_drone_control) by extensions ['ignore', 'ignore_ament_install']
[0.265s] Level 1:colcon.colcon_core.package_identification:_identify(stm32_drone_control) by extension 'ignore'
[0.265s] Level 1:colcon.colcon_core.package_identification:_identify(stm32_drone_control) by extension 'ignore_ament_install'
[0.265s] Level 1:colcon.colcon_core.package_identification:_identify(stm32_drone_control) by extensions ['colcon_pkg']
[0.265s] Level 1:colcon.colcon_core.package_identification:_identify(stm32_drone_control) by extension 'colcon_pkg'
[0.265s] Level 1:colcon.colcon_core.package_identification:_identify(stm32_drone_control) by extensions ['colcon_meta']
[0.265s] Level 1:colcon.colcon_core.package_identification:_identify(stm32_drone_control) by extension 'colcon_meta'
[0.265s] Level 1:colcon.colcon_core.package_identification:_identify(stm32_drone_control) by extensions ['ros']
[0.265s] Level 1:colcon.colcon_core.package_identification:_identify(stm32_drone_control) by extension 'ros'
[0.266s] DEBUG:colcon.colcon_core.package_identification:Package 'stm32_drone_control' with type 'ros.ament_python' and name 'stm32_drone_control'
[0.266s] Level 1:colcon.colcon_core.package_discovery:discover_packages(recursive) using defaults
[0.266s] Level 1:colcon.colcon_core.package_discovery:discover_packages(ignore) discover
[0.266s] Level 1:colcon.colcon_core.package_discovery:discover_packages(ignore) using defaults
[0.266s] Level 1:colcon.colcon_core.package_discovery:discover_packages(path) discover
[0.266s] Level 1:colcon.colcon_core.package_discovery:discover_packages(path) using defaults
[0.284s] INFO:colcon.colcon_core.package_selection:Skipping not selected package 'ros_gz_interfaces' in 'ros_gz/ros_gz_interfaces'
[0.284s] INFO:colcon.colcon_core.package_selection:Skipping not selected package 'ros_gz_sim' in 'ros_gz/ros_gz_sim'
[0.284s] INFO:colcon.colcon_core.package_selection:Skipping not selected package 'ros_gz_bridge' in 'ros_gz/ros_gz_bridge'
[0.284s] INFO:colcon.colcon_core.package_selection:Skipping not selected package 'ros_ign_gazebo' in 'ros_gz/ros_ign_gazebo'
[0.284s] INFO:colcon.colcon_core.package_selection:Skipping not selected package 'ros_ign_interfaces' in 'ros_gz/ros_ign_interfaces'
[0.284s] INFO:colcon.colcon_core.package_selection:Skipping not selected package 'ros_gz_image' in 'ros_gz/ros_gz_image'
[0.284s] INFO:colcon.colcon_core.package_selection:Skipping not selected package 'ros_ign_bridge' in 'ros_gz/ros_ign_bridge'
[0.284s] INFO:colcon.colcon_core.package_selection:Skipping not selected package 'stm32_drone_control' in 'stm32_drone_control'
[0.284s] INFO:colcon.colcon_core.package_selection:Skipping not selected package 'test_ros_gz_bridge' in 'ros_gz/test_ros_gz_bridge'
[0.284s] INFO:colcon.colcon_core.package_selection:Skipping not selected package 'ros_gz_sim_demos' in 'ros_gz/ros_gz_sim_demos'
[0.284s] INFO:colcon.colcon_core.package_selection:Skipping not selected package 'ros_ign_image' in 'ros_gz/ros_ign_image'
[0.284s] INFO:colcon.colcon_core.package_selection:Skipping not selected package 'ros_gz' in 'ros_gz/ros_gz'
[0.284s] INFO:colcon.colcon_core.package_selection:Skipping not selected package 'ros_ign_gazebo_demos' in 'ros_gz/ros_ign_gazebo_demos'
[0.284s] INFO:colcon.colcon_core.package_selection:Skipping not selected package 'ros_ign' in 'ros_gz/ros_ign'
[0.285s] Level 1:colcon.colcon_core.package_discovery:discover_packages(prefix_path) check parameters
[0.285s] Level 1:colcon.colcon_core.package_discovery:discover_packages(prefix_path) discover
[0.287s] DEBUG:colcon.colcon_installed_package_information.package_discovery:Found 415 installed packages in /opt/ros/humble
[0.288s] Level 1:colcon.colcon_core.package_discovery:discover_packages(prefix_path) using defaults
[0.325s] Level 5:colcon.colcon_core.verb:set package 'eternalmorph_description' build argument 'cmake_args' from command line to 'None'
[0.325s] Level 5:colcon.colcon_core.verb:set package 'eternalmorph_description' build argument 'cmake_target' from command line to 'None'
[0.325s] Level 5:colcon.colcon_core.verb:set package 'eternalmorph_description' build argument 'cmake_target_skip_unavailable' from command line to 'False'
[0.325s] Level 5:colcon.colcon_core.verb:set package 'eternalmorph_description' build argument 'cmake_clean_cache' from command line to 'False'
[0.325s] Level 5:colcon.colcon_core.verb:set package 'eternalmorph_description' build argument 'cmake_clean_first' from command line to 'False'
[0.325s] Level 5:colcon.colcon_core.verb:set package 'eternalmorph_description' build argument 'cmake_force_configure' from command line to 'False'
[0.325s] Level 5:colcon.colcon_core.verb:set package 'eternalmorph_description' build argument 'ament_cmake_args' from command line to 'None'
[0.325s] Level 5:colcon.colcon_core.verb:set package 'eternalmorph_description' build argument 'catkin_cmake_args' from command line to 'None'
[0.325s] Level 5:colcon.colcon_core.verb:set package 'eternalmorph_description' build argument 'catkin_skip_building_tests' from command line to 'False'
[0.325s] DEBUG:colcon.colcon_core.verb:Building package 'eternalmorph_description' with the following arguments: {'ament_cmake_args': None, 'build_base': '/home/emirhan/eternalmorph/src/morphobot-ros2/build/eternalmorph_description', 'catkin_cmake_args': None, 'catkin_skip_building_tests': False, 'cmake_args': None, 'cmake_clean_cache': False, 'cmake_clean_first': False, 'cmake_force_configure': False, 'cmake_target': None, 'cmake_target_skip_unavailable': False, 'install_base': '/home/emirhan/eternalmorph/src/morphobot-ros2/install/eternalmorph_description', 'merge_install': False, 'path': '/home/emirhan/eternalmorph/src/morphobot-ros2/eternalmorph_description', 'symlink_install': False, 'test_result_base': None}
[0.325s] INFO:colcon.colcon_core.executor:Executing jobs using 'parallel' executor
[0.326s] DEBUG:colcon.colcon_parallel_executor.executor.parallel:run_until_complete
[0.327s] INFO:colcon.colcon_ros.task.ament_cmake.build:Building ROS package in '/home/emirhan/eternalmorph/src/morphobot-ros2/eternalmorph_description' with build type 'ament_cmake'
[0.327s] INFO:colcon.colcon_cmake.task.cmake.build:Building CMake package in '/home/emirhan/eternalmorph/src/morphobot-ros2/eternalmorph_description'
[0.328s] INFO:colcon.colcon_core.plugin_system:Skipping extension 'colcon_core.shell.bat': Not used on non-Windows systems
[0.328s] INFO:colcon.colcon_core.shell:Skip shell extension 'powershell' for command environment: Not usable outside of PowerShell
[0.328s] DEBUG:colcon.colcon_core.shell:Skip shell extension 'dsv' for command environment
[0.334s] DEBUG:colcon.colcon_core.event_handler.log_command:Invoking command in '/home/emirhan/eternalmorph/src/morphobot-ros2/build/eternalmorph_description': CMAKE_PREFIX_PATH=/opt/ros/humble /usr/bin/cmake /home/emirhan/eternalmorph/src/morphobot-ros2/eternalmorph_description -DCMAKE_INSTALL_PREFIX=/home/emirhan/eternalmorph/src/morphobot-ros2/install/eternalmorph_description
[0.804s] DEBUG:colcon.colcon_core.event_handler.log_command:Invoked command in '/home/emirhan/eternalmorph/src/morphobot-ros2/build/eternalmorph_description' returned '0': CMAKE_PREFIX_PATH=/opt/ros/humble /usr/bin/cmake /home/emirhan/eternalmorph/src/morphobot-ros2/eternalmorph_description -DCMAKE_INSTALL_PREFIX=/home/emirhan/eternalmorph/src/morphobot-ros2/install/eternalmorph_description
[0.806s] DEBUG:colcon.colcon_core.event_handler.log_command:Invoking command in '/home/emirhan/eternalmorph/src/morphobot-ros2/build/eternalmorph_description': CMAKE_PREFIX_PATH=/opt/ros/humble /usr/bin/cmake --build /home/emirhan/eternalmorph/src/morphobot-ros2/build/eternalmorph_description -- -j16 -l16
[0.831s] DEBUG:colcon.colcon_core.event_handler.log_command:Invoked command in '/home/emirhan/eternalmorph/src/morphobot-ros2/build/eternalmorph_description' returned '0': CMAKE_PREFIX_PATH=/opt/ros/humble /usr/bin/cmake --build /home/emirhan/eternalmorph/src/morphobot-ros2/build/eternalmorph_description -- -j16 -l16
[0.838s] DEBUG:colcon.colcon_core.event_handler.log_command:Invoking command in '/home/emirhan/eternalmorph/src/morphobot-ros2/build/eternalmorph_description': CMAKE_PREFIX_PATH=/opt/ros/humble /usr/bin/cmake --install /home/emirhan/eternalmorph/src/morphobot-ros2/build/eternalmorph_description
[0.859s] Level 1:colcon.colcon_core.environment:create_environment_scripts_only(eternalmorph_description)
[0.859s] DEBUG:colcon.colcon_core.event_handler.log_command:Invoked command in '/home/emirhan/eternalmorph/src/morphobot-ros2/build/eternalmorph_description' returned '0': CMAKE_PREFIX_PATH=/opt/ros/humble /usr/bin/cmake --install /home/emirhan/eternalmorph/src/morphobot-ros2/build/eternalmorph_description
[0.860s] Level 1:colcon.colcon_core.environment:checking '/home/emirhan/eternalmorph/src/morphobot-ros2/install/eternalmorph_description' for CMake module files
[0.861s] Level 1:colcon.colcon_core.environment:checking '/home/emirhan/eternalmorph/src/morphobot-ros2/install/eternalmorph_description' for CMake config files
[0.861s] Level 1:colcon.colcon_core.shell:create_environment_hook('eternalmorph_description', 'cmake_prefix_path')
[0.861s] INFO:colcon.colcon_core.shell:Creating environment hook '/home/emirhan/eternalmorph/src/morphobot-ros2/install/eternalmorph_description/share/eternalmorph_description/hook/cmake_prefix_path.ps1'
[0.862s] INFO:colcon.colcon_core.shell:Creating environment descriptor '/home/emirhan/eternalmorph/src/morphobot-ros2/install/eternalmorph_description/share/eternalmorph_description/hook/cmake_prefix_path.dsv'
[0.862s] INFO:colcon.colcon_core.shell:Creating environment hook '/home/emirhan/eternalmorph/src/morphobot-ros2/install/eternalmorph_description/share/eternalmorph_description/hook/cmake_prefix_path.sh'
[0.863s] Level 1:colcon.colcon_core.environment:checking '/home/emirhan/eternalmorph/src/morphobot-ros2/install/eternalmorph_description/lib'
[0.863s] Level 1:colcon.colcon_core.environment:checking '/home/emirhan/eternalmorph/src/morphobot-ros2/install/eternalmorph_description/bin'
[0.863s] Level 1:colcon.colcon_core.environment:checking '/home/emirhan/eternalmorph/src/morphobot-ros2/install/eternalmorph_description/lib/pkgconfig/eternalmorph_description.pc'
[0.863s] Level 1:colcon.colcon_core.environment:checking '/home/emirhan/eternalmorph/src/morphobot-ros2/install/eternalmorph_description/lib/python3.10/site-packages'
[0.863s] Level 1:colcon.colcon_core.environment:checking '/home/emirhan/eternalmorph/src/morphobot-ros2/install/eternalmorph_description/bin'
[0.864s] INFO:colcon.colcon_core.shell:Creating package script '/home/emirhan/eternalmorph/src/morphobot-ros2/install/eternalmorph_description/share/eternalmorph_description/package.ps1'
[0.864s] INFO:colcon.colcon_core.shell:Creating package descriptor '/home/emirhan/eternalmorph/src/morphobot-ros2/install/eternalmorph_description/share/eternalmorph_description/package.dsv'
[0.865s] INFO:colcon.colcon_core.shell:Creating package script '/home/emirhan/eternalmorph/src/morphobot-ros2/install/eternalmorph_description/share/eternalmorph_description/package.sh'
[0.865s] INFO:colcon.colcon_core.shell:Creating package script '/home/emirhan/eternalmorph/src/morphobot-ros2/install/eternalmorph_description/share/eternalmorph_description/package.bash'
[0.865s] INFO:colcon.colcon_core.shell:Creating package script '/home/emirhan/eternalmorph/src/morphobot-ros2/install/eternalmorph_description/share/eternalmorph_description/package.zsh'
[0.866s] Level 1:colcon.colcon_core.environment:create_file_with_runtime_dependencies(/home/emirhan/eternalmorph/src/morphobot-ros2/install/eternalmorph_description/share/colcon-core/packages/eternalmorph_description)
[0.866s] Level 1:colcon.colcon_core.environment:create_environment_scripts_only(eternalmorph_description)
[0.866s] Level 1:colcon.colcon_core.environment:checking '/home/emirhan/eternalmorph/src/morphobot-ros2/install/eternalmorph_description' for CMake module files
[0.867s] Level 1:colcon.colcon_core.environment:checking '/home/emirhan/eternalmorph/src/morphobot-ros2/install/eternalmorph_description' for CMake config files
[0.867s] Level 1:colcon.colcon_core.shell:create_environment_hook('eternalmorph_description', 'cmake_prefix_path')
[0.867s] INFO:colcon.colcon_core.shell:Creating environment hook '/home/emirhan/eternalmorph/src/morphobot-ros2/install/eternalmorph_description/share/eternalmorph_description/hook/cmake_prefix_path.ps1'
[0.867s] INFO:colcon.colcon_core.shell:Creating environment descriptor '/home/emirhan/eternalmorph/src/morphobot-ros2/install/eternalmorph_description/share/eternalmorph_description/hook/cmake_prefix_path.dsv'
[0.867s] INFO:colcon.colcon_core.shell:Creating environment hook '/home/emirhan/eternalmorph/src/morphobot-ros2/install/eternalmorph_description/share/eternalmorph_description/hook/cmake_prefix_path.sh'
[0.868s] Level 1:colcon.colcon_core.environment:checking '/home/emirhan/eternalmorph/src/morphobot-ros2/install/eternalmorph_description/lib'
[0.868s] Level 1:colcon.colcon_core.environment:checking '/home/emirhan/eternalmorph/src/morphobot-ros2/install/eternalmorph_description/bin'
[0.868s] Level 1:colcon.colcon_core.environment:checking '/home/emirhan/eternalmorph/src/morphobot-ros2/install/eternalmorph_description/lib/pkgconfig/eternalmorph_description.pc'
[0.868s] Level 1:colcon.colcon_core.environment:checking '/home/emirhan/eternalmorph/src/morphobot-ros2/install/eternalmorph_description/lib/python3.10/site-packages'
[0.868s] Level 1:colcon.colcon_core.environment:checking '/home/emirhan/eternalmorph/src/morphobot-ros2/install/eternalmorph_description/bin'
[0.868s] INFO:colcon.colcon_core.shell:Creating package script '/home/emirhan/eternalmorph/src/morphobot-ros2/install/eternalmorph_description/share/eternalmorph_description/package.ps1'
[0.869s] INFO:colcon.colcon_core.shell:Creating package descriptor '/home/emirhan/eternalmorph/src/morphobot-ros2/install/eternalmorph_description/share/eternalmorph_description/package.dsv'
[0.869s] INFO:colcon.colcon_core.shell:Creating package script '/home/emirhan/eternalmorph/src/morphobot-ros2/install/eternalmorph_description/share/eternalmorph_description/package.sh'
[0.869s] INFO:colcon.colcon_core.shell:Creating package script '/home/emirhan/eternalmorph/src/morphobot-ros2/install/eternalmorph_description/share/eternalmorph_description/package.bash'
[0.870s] INFO:colcon.colcon_core.shell:Creating package script '/home/emirhan/eternalmorph/src/morphobot-ros2/install/eternalmorph_description/share/eternalmorph_description/package.zsh'
[0.870s] Level 1:colcon.colcon_core.environment:create_file_with_runtime_dependencies(/home/emirhan/eternalmorph/src/morphobot-ros2/install/eternalmorph_description/share/colcon-core/packages/eternalmorph_description)
[0.870s] DEBUG:colcon.colcon_parallel_executor.executor.parallel:closing loop
[0.871s] DEBUG:colcon.colcon_parallel_executor.executor.parallel:loop closed
[0.871s] DEBUG:colcon.colcon_parallel_executor.executor.parallel:run_until_complete finished with '0'
[0.871s] DEBUG:colcon.colcon_core.event_reactor:joining thread
[0.874s] INFO:colcon.colcon_core.plugin_system:Skipping extension 'colcon_notification.desktop_notification.terminal_notifier': Not used on non-Darwin systems
[0.874s] INFO:colcon.colcon_core.plugin_system:Skipping extension 'colcon_notification.desktop_notification.win32': Not used on non-Windows systems
[0.874s] INFO:colcon.colcon_notification.desktop_notification:Sending desktop notification using 'notify2'
[0.882s] DEBUG:colcon.colcon_core.event_reactor:joined thread
[0.883s] INFO:colcon.colcon_core.shell:Creating prefix script '/home/emirhan/eternalmorph/src/morphobot-ros2/install/local_setup.ps1'
[0.884s] INFO:colcon.colcon_core.shell:Creating prefix util module '/home/emirhan/eternalmorph/src/morphobot-ros2/install/_local_setup_util_ps1.py'
[0.886s] INFO:colcon.colcon_core.shell:Creating prefix chain script '/home/emirhan/eternalmorph/src/morphobot-ros2/install/setup.ps1'
[0.887s] INFO:colcon.colcon_core.shell:Creating prefix script '/home/emirhan/eternalmorph/src/morphobot-ros2/install/local_setup.sh'
[0.887s] INFO:colcon.colcon_core.shell:Creating prefix util module '/home/emirhan/eternalmorph/src/morphobot-ros2/install/_local_setup_util_sh.py'
[0.887s] INFO:colcon.colcon_core.shell:Creating prefix chain script '/home/emirhan/eternalmorph/src/morphobot-ros2/install/setup.sh'
[0.888s] INFO:colcon.colcon_core.shell:Creating prefix script '/home/emirhan/eternalmorph/src/morphobot-ros2/install/local_setup.bash'
[0.888s] INFO:colcon.colcon_core.shell:Creating prefix chain script '/home/emirhan/eternalmorph/src/morphobot-ros2/install/setup.bash'
[0.889s] INFO:colcon.colcon_core.shell:Creating prefix script '/home/emirhan/eternalmorph/src/morphobot-ros2/install/local_setup.zsh'
[0.889s] INFO:colcon.colcon_core.shell:Creating prefix chain script '/home/emirhan/eternalmorph/src/morphobot-ros2/install/setup.zsh'
