-- The C compiler identification is GNU 11.4.0
-- The CXX compiler identification is GNU 11.4.0
-- Detecting C compiler ABI info
-- Detecting C compiler ABI info - done
-- Check for working C compiler: /usr/bin/cc - skipped
-- Detecting C compile features
-- Detecting C compile features - done
-- Detecting CXX compiler ABI info
-- Detecting CXX compiler ABI info - done
-- Check for working CXX compiler: /usr/bin/c++ - skipped
-- Detecting CXX compile features
-- Detecting CXX compile features - done
-- Found ament_cmake: 1.3.14 (/opt/ros/humble/share/ament_cmake/cmake)
-- Found Python3: /usr/bin/python3 (found version "3.10.12") found components: Interpreter 
-- Configuring done
-- Generating done
-- Build files have been written to: /home/emirhan/eternalmorph/src/morphobot-ros2/build/eternalmorph_description
-- Install configuration: ""
-- Installing: /home/emirhan/eternalmorph/src/morphobot-ros2/install/eternalmorph_description/share/eternalmorph_description/launch
-- Installing: /home/emirhan/eternalmorph/src/morphobot-ros2/install/eternalmorph_description/share/eternalmorph_description/launch/mode.py
-- Installing: /home/emirhan/eternalmorph/src/morphobot-ros2/install/eternalmorph_description/share/eternalmorph_description/launch/gazebo.launch.py
-- Installing: /home/emirhan/eternalmorph/src/morphobot-ros2/install/eternalmorph_description/share/eternalmorph_description/launch/controller.launch
-- Installing: /home/emirhan/eternalmorph/src/morphobot-ros2/install/eternalmorph_description/share/eternalmorph_description/launch/__pycache__
-- Installing: /home/emirhan/eternalmorph/src/morphobot-ros2/install/eternalmorph_description/share/eternalmorph_description/launch/__pycache__/display.launch.cpython-310.pyc
-- Installing: /home/emirhan/eternalmorph/src/morphobot-ros2/install/eternalmorph_description/share/eternalmorph_description/launch/__pycache__/gazebo.launch.cpython-310.pyc
-- Installing: /home/emirhan/eternalmorph/src/morphobot-ros2/install/eternalmorph_description/share/eternalmorph_description/launch/__pycache__/katla.cpython-310.pyc
-- Installing: /home/emirhan/eternalmorph/src/morphobot-ros2/install/eternalmorph_description/share/eternalmorph_description/launch/controller.yaml
-- Installing: /home/emirhan/eternalmorph/src/morphobot-ros2/install/eternalmorph_description/share/eternalmorph_description/launch/urdf.rviz
-- Installing: /home/emirhan/eternalmorph/src/morphobot-ros2/install/eternalmorph_description/share/eternalmorph_description/launch/display.launch.py
-- Installing: /home/emirhan/eternalmorph/src/morphobot-ros2/install/eternalmorph_description/share/eternalmorph_description/launch/katla.py
-- Installing: /home/emirhan/eternalmorph/src/morphobot-ros2/install/eternalmorph_description/lib/eternalmorph_description/katla.py
-- Installing: /home/emirhan/eternalmorph/src/morphobot-ros2/install/eternalmorph_description/lib/eternalmorph_description/mode.py
-- Installing: /home/emirhan/eternalmorph/src/morphobot-ros2/install/eternalmorph_description/lib/eternalmorph_description/katla
-- Installing: /home/emirhan/eternalmorph/src/morphobot-ros2/install/eternalmorph_description/lib/eternalmorph_description/mode
-- Installing: /home/emirhan/eternalmorph/src/morphobot-ros2/install/eternalmorph_description/share/eternalmorph_description/urdf
-- Installing: /home/emirhan/eternalmorph/src/morphobot-ros2/install/eternalmorph_description/share/eternalmorph_description/urdf/eternalmorph.gazebo
-- Installing: /home/emirhan/eternalmorph/src/morphobot-ros2/install/eternalmorph_description/share/eternalmorph_description/urdf/materials.xacro
-- Installing: /home/emirhan/eternalmorph/src/morphobot-ros2/install/eternalmorph_description/share/eternalmorph_description/urdf/eternalmorph.xacro
-- Installing: /home/emirhan/eternalmorph/src/morphobot-ros2/install/eternalmorph_description/share/eternalmorph_description/urdf/eternalmorph.trans
-- Installing: /home/emirhan/eternalmorph/src/morphobot-ros2/install/eternalmorph_description/share/eternalmorph_description/meshes
-- Installing: /home/emirhan/eternalmorph/src/morphobot-ros2/install/eternalmorph_description/share/eternalmorph_description/meshes/bacak_1.stl
-- Installing: /home/emirhan/eternalmorph/src/morphobot-ros2/install/eternalmorph_description/share/eternalmorph_description/meshes/base_link.stl
-- Installing: /home/emirhan/eternalmorph/src/morphobot-ros2/install/eternalmorph_description/share/eternalmorph_description/meshes/sol_arka_teker_1.stl
-- Installing: /home/emirhan/eternalmorph/src/morphobot-ros2/install/eternalmorph_description/share/eternalmorph_description/meshes/sol_arka_tutucu_parca_1.stl
-- Installing: /home/emirhan/eternalmorph/src/morphobot-ros2/install/eternalmorph_description/share/eternalmorph_description/meshes/sol_arka_pervane_1.stl
-- Installing: /home/emirhan/eternalmorph/src/morphobot-ros2/install/eternalmorph_description/share/eternalmorph_description/meshes/sag_arka_ust_motor_1.stl
-- Installing: /home/emirhan/eternalmorph/src/morphobot-ros2/install/eternalmorph_description/share/eternalmorph_description/meshes/sol_on_tekerlek_eksen_1.stl
-- Installing: /home/emirhan/eternalmorph/src/morphobot-ros2/install/eternalmorph_description/share/eternalmorph_description/meshes/sag_on_ust_motor_1.stl
-- Installing: /home/emirhan/eternalmorph/src/morphobot-ros2/install/eternalmorph_description/share/eternalmorph_description/meshes/sag_on_teker_1.stl
-- Installing: /home/emirhan/eternalmorph/src/morphobot-ros2/install/eternalmorph_description/share/eternalmorph_description/meshes/sol_on_ust_motor_1.stl
-- Installing: /home/emirhan/eternalmorph/src/morphobot-ros2/install/eternalmorph_description/share/eternalmorph_description/meshes/sol_on_tutucu_parca_1.stl
-- Installing: /home/emirhan/eternalmorph/src/morphobot-ros2/install/eternalmorph_description/share/eternalmorph_description/meshes/sag_arka_pervane_1.stl
-- Installing: /home/emirhan/eternalmorph/src/morphobot-ros2/install/eternalmorph_description/share/eternalmorph_description/meshes/sol_on_teker_1.stl
-- Installing: /home/emirhan/eternalmorph/src/morphobot-ros2/install/eternalmorph_description/share/eternalmorph_description/meshes/sag_arka_tekerlek_eksen_1.stl
-- Installing: /home/emirhan/eternalmorph/src/morphobot-ros2/install/eternalmorph_description/share/eternalmorph_description/meshes/sol_ayak_1.stl
-- Installing: /home/emirhan/eternalmorph/src/morphobot-ros2/install/eternalmorph_description/share/eternalmorph_description/meshes/sol_on_pervane_1.stl
-- Installing: /home/emirhan/eternalmorph/src/morphobot-ros2/install/eternalmorph_description/share/eternalmorph_description/meshes/sag_arka_tutucu_parca_1.stl
-- Installing: /home/emirhan/eternalmorph/src/morphobot-ros2/install/eternalmorph_description/share/eternalmorph_description/meshes/sag_arka_teker_1.stl
-- Installing: /home/emirhan/eternalmorph/src/morphobot-ros2/install/eternalmorph_description/share/eternalmorph_description/meshes/sag_on_tekerlek_eksen_1.stl
-- Installing: /home/emirhan/eternalmorph/src/morphobot-ros2/install/eternalmorph_description/share/eternalmorph_description/meshes/sol_arka_tekerlek_eksen_1.stl
-- Installing: /home/emirhan/eternalmorph/src/morphobot-ros2/install/eternalmorph_description/share/eternalmorph_description/meshes/sag_on_pervane_1.stl
-- Installing: /home/emirhan/eternalmorph/src/morphobot-ros2/install/eternalmorph_description/share/eternalmorph_description/meshes/sag_on_tutucu_parca_1.stl
-- Installing: /home/emirhan/eternalmorph/src/morphobot-ros2/install/eternalmorph_description/share/eternalmorph_description/meshes/sol_arka_ust_motor_1.stl
-- Installing: /home/emirhan/eternalmorph/src/morphobot-ros2/install/eternalmorph_description/share/eternalmorph_description/meshes/sag_ayak_1.stl
-- Installing: /home/emirhan/eternalmorph/src/morphobot-ros2/install/eternalmorph_description/share/ament_index/resource_index/package_run_dependencies/eternalmorph_description
-- Installing: /home/emirhan/eternalmorph/src/morphobot-ros2/install/eternalmorph_description/share/ament_index/resource_index/parent_prefix_path/eternalmorph_description
-- Installing: /home/emirhan/eternalmorph/src/morphobot-ros2/install/eternalmorph_description/share/eternalmorph_description/environment/ament_prefix_path.sh
-- Installing: /home/emirhan/eternalmorph/src/morphobot-ros2/install/eternalmorph_description/share/eternalmorph_description/environment/ament_prefix_path.dsv
-- Installing: /home/emirhan/eternalmorph/src/morphobot-ros2/install/eternalmorph_description/share/eternalmorph_description/environment/path.sh
-- Installing: /home/emirhan/eternalmorph/src/morphobot-ros2/install/eternalmorph_description/share/eternalmorph_description/environment/path.dsv
-- Installing: /home/emirhan/eternalmorph/src/morphobot-ros2/install/eternalmorph_description/share/eternalmorph_description/local_setup.bash
-- Installing: /home/emirhan/eternalmorph/src/morphobot-ros2/install/eternalmorph_description/share/eternalmorph_description/local_setup.sh
-- Installing: /home/emirhan/eternalmorph/src/morphobot-ros2/install/eternalmorph_description/share/eternalmorph_description/local_setup.zsh
-- Installing: /home/emirhan/eternalmorph/src/morphobot-ros2/install/eternalmorph_description/share/eternalmorph_description/local_setup.dsv
-- Installing: /home/emirhan/eternalmorph/src/morphobot-ros2/install/eternalmorph_description/share/eternalmorph_description/package.dsv
-- Installing: /home/emirhan/eternalmorph/src/morphobot-ros2/install/eternalmorph_description/share/ament_index/resource_index/packages/eternalmorph_description
-- Installing: /home/emirhan/eternalmorph/src/morphobot-ros2/install/eternalmorph_description/share/eternalmorph_description/cmake/eternalmorph_descriptionConfig.cmake
-- Installing: /home/emirhan/eternalmorph/src/morphobot-ros2/install/eternalmorph_description/share/eternalmorph_description/cmake/eternalmorph_descriptionConfig-version.cmake
-- Installing: /home/emirhan/eternalmorph/src/morphobot-ros2/install/eternalmorph_description/share/eternalmorph_description/package.xml
